Processing request of type CallToolRequest
Processing request of type ListToolsRequest
{"tool": "pixelorama_status", "result": {"meta": null, "content": [{"type": "text", "text": "{\n  \"api_version\": 8,\n  \"pixelorama_version\": \"v1.1.10-stable\",\n  \"ready\": true,\n  \"unix_time\": 1788765809.555,\n  \"heartbeat_age_seconds\": 0.333\n}", "annotations": null, "meta": null}], "structuredContent": {"api_version": 8, "pixelorama_version": "v1.1.10-stable", "ready": true, "unix_time": 1788765809.555, "heartbeat_age_seconds": 0.333}, "isError": false}}
Processing request of type CallToolRequest
{"tool": "pixelorama_project_info", "result": {"meta": null, "content": [{"type": "text", "text": "{\n  \"api_version\": 8,\n  \"bridge\": \"HermesBridge\",\n  \"current_frame\": 0,\n  \"current_layer\": 0,\n  \"frame_count\": 1,\n  \"layer_count\": 1,\n  \"pixelorama_version\": \"v1.1.10-stable\",\n  \"project_name\": \"flora_ground_plants\",\n  \"size\": [\n    192,\n    64\n  ]\n}", "annotations": null, "meta": null}], "structuredContent": {"api_version": 8, "bridge": "HermesBridge", "current_frame": 0, "current_layer": 0, "frame_count": 1, "layer_count": 1, "pixelorama_version": "v1.1.10-stable", "project_name": "flora_ground_plants", "size": [192, 64]}, "isError": false}}
Processing request of type CallToolRequest
{"tool": "pixelorama_create_project", "result": {"meta": null, "content": [{"type": "text", "text": "{\n  \"api_version\": 8,\n  \"bridge\": \"HermesBridge\",\n  \"current_frame\": 0,\n  \"current_layer\": 0,\n  \"frame_count\": 1,\n  \"layer_count\": 1,\n  \"pixelorama_version\": \"v1.1.10-stable\",\n  \"project_name\": \"Oathwake plainsgrass2\",\n  \"size\": [\n    64,\n    304\n  ]\n}", "annotations": null, "meta": null}], "structuredContent": {"api_version": 8, "bridge": "HermesBridge", "current_frame": 0, "current_layer": 0, "frame_count": 1, "layer_count": 1, "pixelorama_version": "v1.1.10-stable", "project_name": "Oathwake plainsgrass2", "size": [64, 304]}, "isError": false}}
Processing request of type CallToolRequest
{"tool": "pixelorama_set_pixels", "result": {"meta": null, "content": [{"type": "text", "text": "{\n  \"frame\": 0,\n  \"layer\": 0,\n  \"pixels_changed\": 4000\n}", "annotations": null, "meta": null}], "structuredContent": {"frame": 0, "layer": 0, "pixels_changed": 4000}, "isError": false}}
Processing request of type CallToolRequest
{"tool": "pixelorama_set_pixels", "result": {"meta": null, "content": [{"type": "text", "text": "{\n  \"frame\": 0,\n  \"layer\": 0,\n  \"pixels_changed\": 4000\n}", "annotations": null, "meta": null}], "structuredContent": {"frame": 0, "layer": 0, "pixels_changed": 4000}, "isError": false}}
Processing request of type CallToolRequest
{"tool": "pixelorama_set_pixels", "result": {"meta": null, "content": [{"type": "text", "text": "{\n  \"frame\": 0,\n  \"layer\": 0,\n  \"pixels_changed\": 607\n}", "annotations": null, "meta": null}], "structuredContent": {"frame": 0, "layer": 0, "pixels_changed": 607}, "isError": false}}
Processing request of type CallToolRequest
{"tool": "pixelorama_save_project", "result": {"meta": null, "content": [{"type": "text", "text": "{\n  \"path\": \"C:\\\\Oathwake\\\\Oathwake-Main\\\\assets\\\\sprites\\\\world\\\\procedural\\\\terrain\\\\oathwake_tilesets\\\\plainsgrass2.pxo\",\n  \"project\": {\n    \"api_version\": 8,\n    \"bridge\": \"HermesBridge\",\n    \"current_frame\": 0,\n    \"current_layer\": 0,\n    \"frame_count\": 1,\n    \"layer_count\": 1,\n    \"pixelorama_version\": \"v1.1.10-stable\",\n    \"project_name\": \"plainsgrass2\",\n    \"size\": [\n      64,\n      304\n    ]\n  }\n}", "annotations": null, "meta": null}], "structuredContent": {"path": "C:\\Oathwake\\Oathwake-Main\\assets\\sprites\\world\\procedural\\terrain\\oathwake_tilesets\\plainsgrass2.pxo", "project": {"api_version": 8, "bridge": "HermesBridge", "current_frame": 0, "current_layer": 0, "frame_count": 1, "layer_count": 1, "pixelorama_version": "v1.1.10-stable", "project_name": "plainsgrass2", "size": [64, 304]}}, "isError": false}}
Processing request of type CallToolRequest
{"tool": "pixelorama_open_project", "result": {"meta": null, "content": [{"type": "text", "text": "{\n  \"api_version\": 8,\n  \"bridge\": \"HermesBridge\",\n  \"current_frame\": 0,\n  \"current_layer\": 0,\n  \"frame_count\": 1,\n  \"layer_count\": 1,\n  \"pixelorama_version\": \"v1.1.10-stable\",\n  \"project_name\": \"plainsgrass2\",\n  \"size\": [\n    64,\n    304\n  ]\n}", "annotations": null, "meta": null}], "structuredContent": {"api_version": 8, "bridge": "HermesBridge", "current_frame": 0, "current_layer": 0, "frame_count": 1, "layer_count": 1, "pixelorama_version": "v1.1.10-stable", "project_name": "plainsgrass2", "size": [64, 304]}, "isError": false}}
Processing request of type CallToolRequest
{"tool": "pixelorama_export_spritesheet", "result": {"meta": null, "content": [{"type": "text", "text": "{\n  \"path\": \"C:\\\\Oathwake\\\\Oathwake-Main\\\\assets\\\\sprites\\\\world\\\\procedural\\\\terrain\\\\oathwake_tilesets\\\\plainsgrass2.png\",\n  \"size\": [\n    64,\n    304\n  ],\n  \"frame_count\": 1,\n  \"columns\": 1\n}", "annotations": null, "meta": null}], "structuredContent": {"path": "C:\\Oathwake\\Oathwake-Main\\assets\\sprites\\world\\procedural\\terrain\\oathwake_tilesets\\plainsgrass2.png", "size": [64, 304], "frame_count": 1, "columns": 1}, "isError": false}}
Processing request of type CallToolRequest
{"tool": "pixelorama_create_project", "result": {"meta": null, "content": [{"type": "text", "text": "{\n  \"api_version\": 8,\n  \"bridge\": \"HermesBridge\",\n  \"current_frame\": 0,\n  \"current_layer\": 0,\n  \"frame_count\": 1,\n  \"layer_count\": 1,\n  \"pixelorama_version\": \"v1.1.10-stable\",\n  \"project_name\": \"Oathwake plainsgrass3\",\n  \"size\": [\n    64,\n    304\n  ]\n}", "annotations": null, "meta": null}], "structuredContent": {"api_version": 8, "bridge": "HermesBridge", "current_frame": 0, "current_layer": 0, "frame_count": 1, "layer_count": 1, "pixelorama_version": "v1.1.10-stable", "project_name": "Oathwake plainsgrass3", "size": [64, 304]}, "isError": false}}
Processing request of type CallToolRequest
{"tool": "pixelorama_set_pixels", "result": {"meta": null, "content": [{"type": "text", "text": "{\n  \"frame\": 0,\n  \"layer\": 0,\n  \"pixels_changed\": 4000\n}", "annotations": null, "meta": null}], "structuredContent": {"frame": 0, "layer": 0, "pixels_changed": 4000}, "isError": false}}
Processing request of type CallToolRequest
{"tool": "pixelorama_set_pixels", "result": {"meta": null, "content": [{"type": "text", "text": "{\n  \"frame\": 0,\n  \"layer\": 0,\n  \"pixels_changed\": 4000\n}", "annotations": null, "meta": null}], "structuredContent": {"frame": 0, "layer": 0, "pixels_changed": 4000}, "isError": false}}
Processing request of type CallToolRequest
{"tool": "pixelorama_set_pixels", "result": {"meta": null, "content": [{"type": "text", "text": "{\n  \"frame\": 0,\n  \"layer\": 0,\n  \"pixels_changed\": 607\n}", "annotations": null, "meta": null}], "structuredContent": {"frame": 0, "layer": 0, "pixels_changed": 607}, "isError": false}}
Processing request of type CallToolRequest
{"tool": "pixelorama_save_project", "result": {"meta": null, "content": [{"type": "text", "text": "{\n  \"path\": \"C:\\\\Oathwake\\\\Oathwake-Main\\\\assets\\\\sprites\\\\world\\\\procedural\\\\terrain\\\\oathwake_tilesets\\\\plainsgrass3.pxo\",\n  \"project\": {\n    \"api_version\": 8,\n    \"bridge\": \"HermesBridge\",\n    \"current_frame\": 0,\n    \"current_layer\": 0,\n    \"frame_count\": 1,\n    \"layer_count\": 1,\n    \"pixelorama_version\": \"v1.1.10-stable\",\n    \"project_name\": \"plainsgrass3\",\n    \"size\": [\n      64,\n      304\n    ]\n  }\n}", "annotations": null, "meta": null}], "structuredContent": {"path": "C:\\Oathwake\\Oathwake-Main\\assets\\sprites\\world\\procedural\\terrain\\oathwake_tilesets\\plainsgrass3.pxo", "project": {"api_version": 8, "bridge": "HermesBridge", "current_frame": 0, "current_layer": 0, "frame_count": 1, "layer_count": 1, "pixelorama_version": "v1.1.10-stable", "project_name": "plainsgrass3", "size": [64, 304]}}, "isError": false}}
Processing request of type CallToolRequest
{"tool": "pixelorama_open_project", "result": {"meta": null, "content": [{"type": "text", "text": "{\n  \"api_version\": 8,\n  \"bridge\": \"HermesBridge\",\n  \"current_frame\": 0,\n  \"current_layer\": 0,\n  \"frame_count\": 1,\n  \"layer_count\": 1,\n  \"pixelorama_version\": \"v1.1.10-stable\",\n  \"project_name\": \"plainsgrass3\",\n  \"size\": [\n    64,\n    304\n  ]\n}", "annotations": null, "meta": null}], "structuredContent": {"api_version": 8, "bridge": "HermesBridge", "current_frame": 0, "current_layer": 0, "frame_count": 1, "layer_count": 1, "pixelorama_version": "v1.1.10-stable", "project_name": "plainsgrass3", "size": [64, 304]}, "isError": false}}
Processing request of type CallToolRequest
{"tool": "pixelorama_export_spritesheet", "result": {"meta": null, "content": [{"type": "text", "text": "{\n  \"path\": \"C:\\\\Oathwake\\\\Oathwake-Main\\\\assets\\\\sprites\\\\world\\\\procedural\\\\terrain\\\\oathwake_tilesets\\\\plainsgrass3.png\",\n  \"size\": [\n    64,\n    304\n  ],\n  \"frame_count\": 1,\n  \"columns\": 1\n}", "annotations": null, "meta": null}], "structuredContent": {"path": "C:\\Oathwake\\Oathwake-Main\\assets\\sprites\\world\\procedural\\terrain\\oathwake_tilesets\\plainsgrass3.png", "size": [64, 304], "frame_count": 1, "columns": 1}, "isError": false}}
Processing request of type CallToolRequest
{"tool": "pixelorama_create_project", "result": {"meta": null, "content": [{"type": "text", "text": "{\n  \"api_version\": 8,\n  \"bridge\": \"HermesBridge\",\n  \"current_frame\": 0,\n  \"current_layer\": 0,\n  \"frame_count\": 1,\n  \"layer_count\": 1,\n  \"pixelorama_version\": \"v1.1.10-stable\",\n  \"project_name\": \"Oathwake short_grass\",\n  \"size\": [\n    64,\n    304\n  ]\n}", "annotations": null, "meta": null}], "structuredContent": {"api_version": 8, "bridge": "HermesBridge", "current_frame": 0, "current_layer": 0, "frame_count": 1, "layer_count": 1, "pixelorama_version": "v1.1.10-stable", "project_name": "Oathwake short_grass", "size": [64, 304]}, "isError": false}}
Processing request of type CallToolRequest
{"tool": "pixelorama_set_pixels", "result": {"meta": null, "content": [{"type": "text", "text": "{\n  \"frame\": 0,\n  \"layer\": 0,\n  \"pixels_changed\": 4000\n}", "annotations": null, "meta": null}], "structuredContent": {"frame": 0, "layer": 0, "pixels_changed": 4000}, "isError": false}}
Processing request of type CallToolRequest
{"tool": "pixelorama_set_pixels", "result": {"meta": null, "content": [{"type": "text", "text": "{\n  \"frame\": 0,\n  \"layer\": 0,\n  \"pixels_changed\": 4000\n}", "annotations": null, "meta": null}], "structuredContent": {"frame": 0, "layer": 0, "pixels_changed": 4000}, "isError": false}}
Processing request of type CallToolRequest
{"tool": "pixelorama_set_pixels", "result": {"meta": null, "content": [{"type": "text", "text": "{\n  \"frame\": 0,\n  \"layer\": 0,\n  \"pixels_changed\": 593\n}", "annotations": null, "meta": null}], "structuredContent": {"frame": 0, "layer": 0, "pixels_changed": 593}, "isError": false}}
Processing request of type CallToolRequest
{"tool": "pixelorama_save_project", "result": {"meta": null, "content": [{"type": "text", "text": "{\n  \"path\": \"C:\\\\Oathwake\\\\Oathwake-Main\\\\assets\\\\sprites\\\\world\\\\procedural\\\\terrain\\\\oathwake_tilesets\\\\short_grass.pxo\",\n  \"project\": {\n    \"api_version\": 8,\n    \"bridge\": \"HermesBridge\",\n    \"current_frame\": 0,\n    \"current_layer\": 0,\n    \"frame_count\": 1,\n    \"layer_count\": 1,\n    \"pixelorama_version\": \"v1.1.10-stable\",\n    \"project_name\": \"short_grass\",\n    \"size\": [\n      64,\n      304\n    ]\n  }\n}", "annotations": null, "meta": null}], "structuredContent": {"path": "C:\\Oathwake\\Oathwake-Main\\assets\\sprites\\world\\procedural\\terrain\\oathwake_tilesets\\short_grass.pxo", "project": {"api_version": 8, "bridge": "HermesBridge", "current_frame": 0, "current_layer": 0, "frame_count": 1, "layer_count": 1, "pixelorama_version": "v1.1.10-stable", "project_name": "short_grass", "size": [64, 304]}}, "isError": false}}
Processing request of type CallToolRequest
{"tool": "pixelorama_open_project", "result": {"meta": null, "content": [{"type": "text", "text": "{\n  \"api_version\": 8,\n  \"bridge\": \"HermesBridge\",\n  \"current_frame\": 0,\n  \"current_layer\": 0,\n  \"frame_count\": 1,\n  \"layer_count\": 1,\n  \"pixelorama_version\": \"v1.1.10-stable\",\n  \"project_name\": \"short_grass\",\n  \"size\": [\n    64,\n    304\n  ]\n}", "annotations": null, "meta": null}], "structuredContent": {"api_version": 8, "bridge": "HermesBridge", "current_frame": 0, "current_layer": 0, "frame_count": 1, "layer_count": 1, "pixelorama_version": "v1.1.10-stable", "project_name": "short_grass", "size": [64, 304]}, "isError": false}}
Processing request of type CallToolRequest
{"tool": "pixelorama_export_spritesheet", "result": {"meta": null, "content": [{"type": "text", "text": "{\n  \"path\": \"C:\\\\Oathwake\\\\Oathwake-Main\\\\assets\\\\sprites\\\\world\\\\procedural\\\\terrain\\\\oathwake_tilesets\\\\short_grass.png\",\n  \"size\": [\n    64,\n    304\n  ],\n  \"frame_count\": 1,\n  \"columns\": 1\n}", "annotations": null, "meta": null}], "structuredContent": {"path": "C:\\Oathwake\\Oathwake-Main\\assets\\sprites\\world\\procedural\\terrain\\oathwake_tilesets\\short_grass.png", "size": [64, 304], "frame_count": 1, "columns": 1}, "isError": false}}
Processing request of type CallToolRequest
{"tool": "pixelorama_create_project", "result": {"meta": null, "content": [{"type": "text", "text": "{\n  \"api_version\": 8,\n  \"bridge\": \"HermesBridge\",\n  \"current_frame\": 0,\n  \"current_layer\": 0,\n  \"frame_count\": 1,\n  \"layer_count\": 1,\n  \"pixelorama_version\": \"v1.1.10-stable\",\n  \"project_name\": \"Oathwake plainsgrass1\",\n  \"size\": [\n    64,\n    304\n  ]\n}", "annotations": null, "meta": null}], "structuredContent": {"api_version": 8, "bridge": "HermesBridge", "current_frame": 0, "current_layer": 0, "frame_count": 1, "layer_count": 1, "pixelorama_version": "v1.1.10-stable", "project_name": "Oathwake plainsgrass1", "size": [64, 304]}, "isError": false}}
Processing request of type CallToolRequest
{"tool": "pixelorama_set_pixels", "result": {"meta": null, "content": [{"type": "text", "text": "{\n  \"frame\": 0,\n  \"layer\": 0,\n  \"pixels_changed\": 4000\n}", "annotations": null, "meta": null}], "structuredContent": {"frame": 0, "layer": 0, "pixels_changed": 4000}, "isError": false}}
Processing request of type CallToolRequest
{"tool": "pixelorama_set_pixels", "result": {"meta": null, "content": [{"type": "text", "text": "{\n  \"frame\": 0,\n  \"layer\": 0,\n  \"pixels_changed\": 4000\n}", "annotations": null, "meta": null}], "structuredContent": {"frame": 0, "layer": 0, "pixels_changed": 4000}, "isError": false}}
Processing request of type CallToolRequest
{"tool": "pixelorama_set_pixels", "result": {"meta": null, "content": [{"type": "text", "text": "{\n  \"frame\": 0,\n  \"layer\": 0,\n  \"pixels_changed\": 607\n}", "annotations": null, "meta": null}], "structuredContent": {"frame": 0, "layer": 0, "pixels_changed": 607}, "isError": false}}
Processing request of type CallToolRequest
{"tool": "pixelorama_save_project", "result": {"meta": null, "content": [{"type": "text", "text": "{\n  \"path\": \"C:\\\\Oathwake\\\\Oathwake-Main\\\\assets\\\\sprites\\\\world\\\\procedural\\\\terrain\\\\oathwake_tilesets\\\\plainsgrass1.pxo\",\n  \"project\": {\n    \"api_version\": 8,\n    \"bridge\": \"HermesBridge\",\n    \"current_frame\": 0,\n    \"current_layer\": 0,\n    \"frame_count\": 1,\n    \"layer_count\": 1,\n    \"pixelorama_version\": \"v1.1.10-stable\",\n    \"project_name\": \"plainsgrass1\",\n    \"size\": [\n      64,\n      304\n    ]\n  }\n}", "annotations": null, "meta": null}], "structuredContent": {"path": "C:\\Oathwake\\Oathwake-Main\\assets\\sprites\\world\\procedural\\terrain\\oathwake_tilesets\\plainsgrass1.pxo", "project": {"api_version": 8, "bridge": "HermesBridge", "current_frame": 0, "current_layer": 0, "frame_count": 1, "layer_count": 1, "pixelorama_version": "v1.1.10-stable", "project_name": "plainsgrass1", "size": [64, 304]}}, "isError": false}}
Processing request of type CallToolRequest
{"tool": "pixelorama_open_project", "result": {"meta": null, "content": [{"type": "text", "text": "{\n  \"api_version\": 8,\n  \"bridge\": \"HermesBridge\",\n  \"current_frame\": 0,\n  \"current_layer\": 0,\n  \"frame_count\": 1,\n  \"layer_count\": 1,\n  \"pixelorama_version\": \"v1.1.10-stable\",\n  \"project_name\": \"plainsgrass1\",\n  \"size\": [\n    64,\n    304\n  ]\n}", "annotations": null, "meta": null}], "structuredContent": {"api_version": 8, "bridge": "HermesBridge", "current_frame": 0, "current_layer": 0, "frame_count": 1, "layer_count": 1, "pixelorama_version": "v1.1.10-stable", "project_name": "plainsgrass1", "size": [64, 304]}, "isError": false}}
Processing request of type CallToolRequest
{"tool": "pixelorama_export_spritesheet", "result": {"meta": null, "content": [{"type": "text", "text": "{\n  \"path\": \"C:\\\\Oathwake\\\\Oathwake-Main\\\\assets\\\\sprites\\\\world\\\\procedural\\\\terrain\\\\oathwake_tilesets\\\\plainsgrass1.png\",\n  \"size\": [\n    64,\n    304\n  ],\n  \"frame_count\": 1,\n  \"columns\": 1\n}", "annotations": null, "meta": null}], "structuredContent": {"path": "C:\\Oathwake\\Oathwake-Main\\assets\\sprites\\world\\procedural\\terrain\\oathwake_tilesets\\plainsgrass1.png", "size": [64, 304], "frame_count": 1, "columns": 1}, "isError": false}}
Processing request of type CallToolRequest
{"tool": "pixelorama_create_project", "result": {"meta": null, "content": [{"type": "text", "text": "{\n  \"api_version\": 8,\n  \"bridge\": \"HermesBridge\",\n  \"current_frame\": 0,\n  \"current_layer\": 0,\n  \"frame_count\": 1,\n  \"layer_count\": 1,\n  \"pixelorama_version\": \"v1.1.10-stable\",\n  \"project_name\": \"Oathwake tall_grass\",\n  \"size\": [\n    64,\n    304\n  ]\n}", "annotations": null, "meta": null}], "structuredContent": {"api_version": 8, "bridge": "HermesBridge", "current_frame": 0, "current_layer": 0, "frame_count": 1, "layer_count": 1, "pixelorama_version": "v1.1.10-stable", "project_name": "Oathwake tall_grass", "size": [64, 304]}, "isError": false}}
Processing request of type CallToolRequest
{"tool": "pixelorama_set_pixels", "result": {"meta": null, "content": [{"type": "text", "text": "{\n  \"frame\": 0,\n  \"layer\": 0,\n  \"pixels_changed\": 4000\n}", "annotations": null, "meta": null}], "structuredContent": {"frame": 0, "layer": 0, "pixels_changed": 4000}, "isError": false}}
Processing request of type CallToolRequest
{"tool": "pixelorama_set_pixels", "result": {"meta": null, "content": [{"type": "text", "text": "{\n  \"frame\": 0,\n  \"layer\": 0,\n  \"pixels_changed\": 4000\n}", "annotations": null, "meta": null}], "structuredContent": {"frame": 0, "layer": 0, "pixels_changed": 4000}, "isError": false}}
Processing request of type CallToolRequest
{"tool": "pixelorama_set_pixels", "result": {"meta": null, "content": [{"type": "text", "text": "{\n  \"frame\": 0,\n  \"layer\": 0,\n  \"pixels_changed\": 2180\n}", "annotations": null, "meta": null}], "structuredContent": {"frame": 0, "layer": 0, "pixels_changed": 2180}, "isError": false}}
Processing request of type CallToolRequest
{"tool": "pixelorama_save_project", "result": {"meta": null, "content": [{"type": "text", "text": "{\n  \"path\": \"C:\\\\Oathwake\\\\Oathwake-Main\\\\assets\\\\sprites\\\\world\\\\procedural\\\\terrain\\\\oathwake_tilesets\\\\tall_grass.pxo\",\n  \"project\": {\n    \"api_version\": 8,\n    \"bridge\": \"HermesBridge\",\n    \"current_frame\": 0,\n    \"current_layer\": 0,\n    \"frame_count\": 1,\n    \"layer_count\": 1,\n    \"pixelorama_version\": \"v1.1.10-stable\",\n    \"project_name\": \"tall_grass\",\n    \"size\": [\n      64,\n      304\n    ]\n  }\n}", "annotations": null, "meta": null}], "structuredContent": {"path": "C:\\Oathwake\\Oathwake-Main\\assets\\sprites\\world\\procedural\\terrain\\oathwake_tilesets\\tall_grass.pxo", "project": {"api_version": 8, "bridge": "HermesBridge", "current_frame": 0, "current_layer": 0, "frame_count": 1, "layer_count": 1, "pixelorama_version": "v1.1.10-stable", "project_name": "tall_grass", "size": [64, 304]}}, "isError": false}}
Processing request of type CallToolRequest
{"tool": "pixelorama_open_project", "result": {"meta": null, "content": [{"type": "text", "text": "{\n  \"api_version\": 8,\n  \"bridge\": \"HermesBridge\",\n  \"current_frame\": 0,\n  \"current_layer\": 0,\n  \"frame_count\": 1,\n  \"layer_count\": 1,\n  \"pixelorama_version\": \"v1.1.10-stable\",\n  \"project_name\": \"tall_grass\",\n  \"size\": [\n    64,\n    304\n  ]\n}", "annotations": null, "meta": null}], "structuredContent": {"api_version": 8, "bridge": "HermesBridge", "current_frame": 0, "current_layer": 0, "frame_count": 1, "layer_count": 1, "pixelorama_version": "v1.1.10-stable", "project_name": "tall_grass", "size": [64, 304]}, "isError": false}}
Processing request of type CallToolRequest
{"tool": "pixelorama_export_spritesheet", "result": {"meta": null, "content": [{"type": "text", "text": "{\n  \"path\": \"C:\\\\Oathwake\\\\Oathwake-Main\\\\assets\\\\sprites\\\\world\\\\procedural\\\\terrain\\\\oathwake_tilesets\\\\tall_grass.png\",\n  \"size\": [\n    64,\n    304\n  ],\n  \"frame_count\": 1,\n  \"columns\": 1\n}", "annotations": null, "meta": null}], "structuredContent": {"path": "C:\\Oathwake\\Oathwake-Main\\assets\\sprites\\world\\procedural\\terrain\\oathwake_tilesets\\tall_grass.png", "size": [64, 304], "frame_count": 1, "columns": 1}, "isError": false}}
Processing request of type CallToolRequest
{"tool": "pixelorama_create_project", "result": {"meta": null, "content": [{"type": "text", "text": "{\n  \"api_version\": 8,\n  \"bridge\": \"HermesBridge\",\n  \"current_frame\": 0,\n  \"current_layer\": 0,\n  \"frame_count\": 1,\n  \"layer_count\": 1,\n  \"pixelorama_version\": \"v1.1.10-stable\",\n  \"project_name\": \"Oathwake forest_path_short_grass_autumn\",\n  \"size\": [\n    96,\n    96\n  ]\n}", "annotations": null, "meta": null}], "structuredContent": {"api_version": 8, "bridge": "HermesBridge", "current_frame": 0, "current_layer": 0, "frame_count": 1, "layer_count": 1, "pixelorama_version": "v1.1.10-stable", "project_name": "Oathwake forest_path_short_grass_autumn", "size": [96, 96]}, "isError": false}}
Processing request of type CallToolRequest
{"tool": "pixelorama_set_pixels", "result": {"meta": null, "content": [{"type": "text", "text": "{\n  \"frame\": 0,\n  \"layer\": 0,\n  \"pixels_changed\": 4000\n}", "annotations": null, "meta": null}], "structuredContent": {"frame": 0, "layer": 0, "pixels_changed": 4000}, "isError": false}}
Processing request of type CallToolRequest
{"tool": "pixelorama_set_pixels", "result": {"meta": null, "content": [{"type": "text", "text": "{\n  \"frame\": 0,\n  \"layer\": 0,\n  \"pixels_changed\": 3424\n}", "annotations": null, "meta": null}], "structuredContent": {"frame": 0, "layer": 0, "pixels_changed": 3424}, "isError": false}}
Processing request of type CallToolRequest
{"tool": "pixelorama_save_project", "result": {"meta": null, "content": [{"type": "text", "text": "{\n  \"path\": \"C:\\\\Oathwake\\\\Oathwake-Main\\\\assets\\\\sprites\\\\world\\\\procedural\\\\terrain\\\\oathwake_tilesets\\\\forest_path_short_grass_autumn.pxo\",\n  \"project\": {\n    \"api_version\": 8,\n    \"bridge\": \"HermesBridge\",\n    \"current_frame\": 0,\n    \"current_layer\": 0,\n    \"frame_count\": 1,\n    \"layer_count\": 1,\n    \"pixelorama_version\": \"v1.1.10-stable\",\n    \"project_name\": \"forest_path_short_grass_autumn\",\n    \"size\": [\n      96,\n      96\n    ]\n  }\n}", "annotations": null, "meta": null}], "structuredContent": {"path": "C:\\Oathwake\\Oathwake-Main\\assets\\sprites\\world\\procedural\\terrain\\oathwake_tilesets\\forest_path_short_grass_autumn.pxo", "project": {"api_version": 8, "bridge": "HermesBridge", "current_frame": 0, "current_layer": 0, "frame_count": 1, "layer_count": 1, "pixelorama_version": "v1.1.10-stable", "project_name": "forest_path_short_grass_autumn", "size": [96, 96]}}, "isError": false}}
Processing request of type CallToolRequest
{"tool": "pixelorama_open_project", "result": {"meta": null, "content": [{"type": "text", "text": "{\n  \"api_version\": 8,\n  \"bridge\": \"HermesBridge\",\n  \"current_frame\": 0,\n  \"current_layer\": 0,\n  \"frame_count\": 1,\n  \"layer_count\": 1,\n  \"pixelorama_version\": \"v1.1.10-stable\",\n  \"project_name\": \"forest_path_short_grass_autumn\",\n  \"size\": [\n    96,\n    96\n  ]\n}", "annotations": null, "meta": null}], "structuredContent": {"api_version": 8, "bridge": "HermesBridge", "current_frame": 0, "current_layer": 0, "frame_count": 1, "layer_count": 1, "pixelorama_version": "v1.1.10-stable", "project_name": "forest_path_short_grass_autumn", "size": [96, 96]}, "isError": false}}
Processing request of type CallToolRequest
{"tool": "pixelorama_export_spritesheet", "result": {"meta": null, "content": [{"type": "text", "text": "{\n  \"path\": \"C:\\\\Oathwake\\\\Oathwake-Main\\\\assets\\\\sprites\\\\world\\\\procedural\\\\terrain\\\\oathwake_tilesets\\\\forest_path_short_grass_autumn.png\",\n  \"size\": [\n    96,\n    96\n  ],\n  \"frame_count\": 1,\n  \"columns\": 1\n}", "annotations": null, "meta": null}], "structuredContent": {"path": "C:\\Oathwake\\Oathwake-Main\\assets\\sprites\\world\\procedural\\terrain\\oathwake_tilesets\\forest_path_short_grass_autumn.png", "size": [96, 96], "frame_count": 1, "columns": 1}, "isError": false}}
Processing request of type CallToolRequest
{"tool": "pixelorama_create_project", "result": {"meta": null, "content": [{"type": "text", "text": "{\n  \"api_version\": 8,\n  \"bridge\": \"HermesBridge\",\n  \"current_frame\": 0,\n  \"current_layer\": 0,\n  \"frame_count\": 1,\n  \"layer_count\": 1,\n  \"pixelorama_version\": \"v1.1.10-stable\",\n  \"project_name\": \"Oathwake plains_3D_cliffs\",\n  \"size\": [\n    128,\n    256\n  ]\n}", "annotations": null, "meta": null}], "structuredContent": {"api_version": 8, "bridge": "HermesBridge", "current_frame": 0, "current_layer": 0, "frame_count": 1, "layer_count": 1, "pixelorama_version": "v1.1.10-stable", "project_name": "Oathwake plains_3D_cliffs", "size": [128, 256]}, "isError": false}}
Processing request of type CallToolRequest
{"tool": "pixelorama_set_pixels", "result": {"meta": null, "content": [{"type": "text", "text": "{\n  \"frame\": 0,\n  \"layer\": 0,\n  \"pixels_changed\": 4000\n}", "annotations": null, "meta": null}], "structuredContent": {"frame": 0, "layer": 0, "pixels_changed": 4000}, "isError": false}}
Processing request of type CallToolRequest
{"tool": "pixelorama_set_pixels", "result": {"meta": null, "content": [{"type": "text", "text": "{\n  \"frame\": 0,\n  \"layer\": 0,\n  \"pixels_changed\": 4000\n}", "annotations": null, "meta": null}], "structuredContent": {"frame": 0, "layer": 0, "pixels_changed": 4000}, "isError": false}}
Processing request of type CallToolRequest
{"tool": "pixelorama_set_pixels", "result": {"meta": null, "content": [{"type": "text", "text": "{\n  \"frame\": 0,\n  \"layer\": 0,\n  \"pixels_changed\": 4000\n}", "annotations": null, "meta": null}], "structuredContent": {"frame": 0, "layer": 0, "pixels_changed": 4000}, "isError": false}}
Processing request of type CallToolRequest
{"tool": "pixelorama_set_pixels", "result": {"meta": null, "content": [{"type": "text", "text": "{\n  \"frame\": 0,\n  \"layer\": 0,\n  \"pixels_changed\": 4000\n}", "annotations": null, "meta": null}], "structuredContent": {"frame": 0, "layer": 0, "pixels_changed": 4000}, "isError": false}}
Processing request of type CallToolRequest
{"tool": "pixelorama_set_pixels", "result": {"meta": null, "content": [{"type": "text", "text": "{\n  \"frame\": 0,\n  \"layer\": 0,\n  \"pixels_changed\": 4000\n}", "annotations": null, "meta": null}], "structuredContent": {"frame": 0, "layer": 0, "pixels_changed": 4000}, "isError": false}}
Processing request of type CallToolRequest
{"tool": "pixelorama_set_pixels", "result": {"meta": null, "content": [{"type": "text", "text": "{\n  \"frame\": 0,\n  \"layer\": 0,\n  \"pixels_changed\": 4000\n}", "annotations": null, "meta": null}], "structuredContent": {"frame": 0, "layer": 0, "pixels_changed": 4000}, "isError": false}}
Processing request of type CallToolRequest
{"tool": "pixelorama_set_pixels", "result": {"meta": null, "content": [{"type": "text", "text": "{\n  \"frame\": 0,\n  \"layer\": 0,\n  \"pixels_changed\": 1219\n}", "annotations": null, "meta": null}], "structuredContent": {"frame": 0, "layer": 0, "pixels_changed": 1219}, "isError": false}}
Processing request of type CallToolRequest
{"tool": "pixelorama_save_project", "result": {"meta": null, "content": [{"type": "text", "text": "{\n  \"path\": \"C:\\\\Oathwake\\\\Oathwake-Main\\\\assets\\\\sprites\\\\world\\\\procedural\\\\terrain\\\\oathwake_tilesets\\\\plains_3D_cliffs.pxo\",\n  \"project\": {\n    \"api_version\": 8,\n    \"bridge\": \"HermesBridge\",\n    \"current_frame\": 0,\n    \"current_layer\": 0,\n    \"frame_count\": 1,\n    \"layer_count\": 1,\n    \"pixelorama_version\": \"v1.1.10-stable\",\n    \"project_name\": \"plains_3D_cliffs\",\n    \"size\": [\n      128,\n      256\n    ]\n  }\n}", "annotations": null, "meta": null}], "structuredContent": {"path": "C:\\Oathwake\\Oathwake-Main\\assets\\sprites\\world\\procedural\\terrain\\oathwake_tilesets\\plains_3D_cliffs.pxo", "project": {"api_version": 8, "bridge": "HermesBridge", "current_frame": 0, "current_layer": 0, "frame_count": 1, "layer_count": 1, "pixelorama_version": "v1.1.10-stable", "project_name": "plains_3D_cliffs", "size": [128, 256]}}, "isError": false}}
Processing request of type CallToolRequest
{"tool": "pixelorama_open_project", "result": {"meta": null, "content": [{"type": "text", "text": "{\n  \"api_version\": 8,\n  \"bridge\": \"HermesBridge\",\n  \"current_frame\": 0,\n  \"current_layer\": 0,\n  \"frame_count\": 1,\n  \"layer_count\": 1,\n  \"pixelorama_version\": \"v1.1.10-stable\",\n  \"project_name\": \"plains_3D_cliffs\",\n  \"size\": [\n    128,\n    256\n  ]\n}", "annotations": null, "meta": null}], "structuredContent": {"api_version": 8, "bridge": "HermesBridge", "current_frame": 0, "current_layer": 0, "frame_count": 1, "layer_count": 1, "pixelorama_version": "v1.1.10-stable", "project_name": "plains_3D_cliffs", "size": [128, 256]}, "isError": false}}
Processing request of type CallToolRequest
{"tool": "pixelorama_export_spritesheet", "result": {"meta": null, "content": [{"type": "text", "text": "{\n  \"path\": \"C:\\\\Oathwake\\\\Oathwake-Main\\\\assets\\\\sprites\\\\world\\\\procedural\\\\terrain\\\\oathwake_tilesets\\\\plains_3D_cliffs.png\",\n  \"size\": [\n    128,\n    256\n  ],\n  \"frame_count\": 1,\n  \"columns\": 1\n}", "annotations": null, "meta": null}], "structuredContent": {"path": "C:\\Oathwake\\Oathwake-Main\\assets\\sprites\\world\\procedural\\terrain\\oathwake_tilesets\\plains_3D_cliffs.png", "size": [128, 256], "frame_count": 1, "columns": 1}, "isError": false}}
Processing request of type CallToolRequest
{"tool": "pixelorama_create_project", "result": {"meta": null, "content": [{"type": "text", "text": "{\n  \"api_version\": 8,\n  \"bridge\": \"HermesBridge\",\n  \"current_frame\": 0,\n  \"current_layer\": 0,\n  \"frame_count\": 1,\n  \"layer_count\": 1,\n  \"pixelorama_version\": \"v1.1.10-stable\",\n  \"project_name\": \"Oathwake forest_unbreakable_bushes_bottom_\",\n  \"size\": [\n    64,\n    64\n  ]\n}", "annotations": null, "meta": null}], "structuredContent": {"api_version": 8, "bridge": "HermesBridge", "current_frame": 0, "current_layer": 0, "frame_count": 1, "layer_count": 1, "pixelorama_version": "v1.1.10-stable", "project_name": "Oathwake forest_unbreakable_bushes_bottom_", "size": [64, 64]}, "isError": false}}
Processing request of type CallToolRequest
{"tool": "pixelorama_set_pixels", "result": {"meta": null, "content": [{"type": "text", "text": "{\n  \"frame\": 0,\n  \"layer\": 0,\n  \"pixels_changed\": 3472\n}", "annotations": null, "meta": null}], "structuredContent": {"frame": 0, "layer": 0, "pixels_changed": 3472}, "isError": false}}
Processing request of type CallToolRequest
{"tool": "pixelorama_save_project", "result": {"meta": null, "content": [{"type": "text", "text": "{\n  \"path\": \"C:\\\\Oathwake\\\\Oathwake-Main\\\\assets\\\\sprites\\\\world\\\\procedural\\\\terrain\\\\oathwake_tilesets\\\\forest_unbreakable_bushes_bottom_.pxo\",\n  \"project\": {\n    \"api_version\": 8,\n    \"bridge\": \"HermesBridge\",\n    \"current_frame\": 0,\n    \"current_layer\": 0,\n    \"frame_count\": 1,\n    \"layer_count\": 1,\n    \"pixelorama_version\": \"v1.1.10-stable\",\n    \"project_name\": \"forest_unbreakable_bushes_bottom_\",\n    \"size\": [\n      64,\n      64\n    ]\n  }\n}", "annotations": null, "meta": null}], "structuredContent": {"path": "C:\\Oathwake\\Oathwake-Main\\assets\\sprites\\world\\procedural\\terrain\\oathwake_tilesets\\forest_unbreakable_bushes_bottom_.pxo", "project": {"api_version": 8, "bridge": "HermesBridge", "current_frame": 0, "current_layer": 0, "frame_count": 1, "layer_count": 1, "pixelorama_version": "v1.1.10-stable", "project_name": "forest_unbreakable_bushes_bottom_", "size": [64, 64]}}, "isError": false}}
Processing request of type CallToolRequest
{"tool": "pixelorama_open_project", "result": {"meta": null, "content": [{"type": "text", "text": "{\n  \"api_version\": 8,\n  \"bridge\": \"HermesBridge\",\n  \"current_frame\": 0,\n  \"current_layer\": 0,\n  \"frame_count\": 1,\n  \"layer_count\": 1,\n  \"pixelorama_version\": \"v1.1.10-stable\",\n  \"project_name\": \"forest_unbreakable_bushes_bottom_\",\n  \"size\": [\n    64,\n    64\n  ]\n}", "annotations": null, "meta": null}], "structuredContent": {"api_version": 8, "bridge": "HermesBridge", "current_frame": 0, "current_layer": 0, "frame_count": 1, "layer_count": 1, "pixelorama_version": "v1.1.10-stable", "project_name": "forest_unbreakable_bushes_bottom_", "size": [64, 64]}, "isError": false}}
Processing request of type CallToolRequest
{"tool": "pixelorama_export_spritesheet", "result": {"meta": null, "content": [{"type": "text", "text": "{\n  \"path\": \"C:\\\\Oathwake\\\\Oathwake-Main\\\\assets\\\\sprites\\\\world\\\\procedural\\\\terrain\\\\oathwake_tilesets\\\\forest_unbreakable_bushes_bottom_.png\",\n  \"size\": [\n    64,\n    64\n  ],\n  \"frame_count\": 1,\n  \"columns\": 1\n}", "annotations": null, "meta": null}], "structuredContent": {"path": "C:\\Oathwake\\Oathwake-Main\\assets\\sprites\\world\\procedural\\terrain\\oathwake_tilesets\\forest_unbreakable_bushes_bottom_.png", "size": [64, 64], "frame_count": 1, "columns": 1}, "isError": false}}
Processing request of type CallToolRequest
{"tool": "pixelorama_create_project", "result": {"meta": null, "content": [{"type": "text", "text": "{\n  \"api_version\": 8,\n  \"bridge\": \"HermesBridge\",\n  \"current_frame\": 0,\n  \"current_layer\": 0,\n  \"frame_count\": 1,\n  \"layer_count\": 1,\n  \"pixelorama_version\": \"v1.1.10-stable\",\n  \"project_name\": \"Oathwake forest_unbreakable_bushes_top_\",\n  \"size\": [\n    64,\n    64\n  ]\n}", "annotations": null, "meta": null}], "structuredContent": {"api_version": 8, "bridge": "HermesBridge", "current_frame": 0, "current_layer": 0, "frame_count": 1, "layer_count": 1, "pixelorama_version": "v1.1.10-stable", "project_name": "Oathwake forest_unbreakable_bushes_top_", "size": [64, 64]}, "isError": false}}
Processing request of type CallToolRequest
{"tool": "pixelorama_set_pixels", "result": {"meta": null, "content": [{"type": "text", "text": "{\n  \"frame\": 0,\n  \"layer\": 0,\n  \"pixels_changed\": 2773\n}", "annotations": null, "meta": null}], "structuredContent": {"frame": 0, "layer": 0, "pixels_changed": 2773}, "isError": false}}
Processing request of type CallToolRequest
{"tool": "pixelorama_save_project", "result": {"meta": null, "content": [{"type": "text", "text": "{\n  \"path\": \"C:\\\\Oathwake\\\\Oathwake-Main\\\\assets\\\\sprites\\\\world\\\\procedural\\\\terrain\\\\oathwake_tilesets\\\\forest_unbreakable_bushes_top_.pxo\",\n  \"project\": {\n    \"api_version\": 8,\n    \"bridge\": \"HermesBridge\",\n    \"current_frame\": 0,\n    \"current_layer\": 0,\n    \"frame_count\": 1,\n    \"layer_count\": 1,\n    \"pixelorama_version\": \"v1.1.10-stable\",\n    \"project_name\": \"forest_unbreakable_bushes_top_\",\n    \"size\": [\n      64,\n      64\n    ]\n  }\n}", "annotations": null, "meta": null}], "structuredContent": {"path": "C:\\Oathwake\\Oathwake-Main\\assets\\sprites\\world\\procedural\\terrain\\oathwake_tilesets\\forest_unbreakable_bushes_top_.pxo", "project": {"api_version": 8, "bridge": "HermesBridge", "current_frame": 0, "current_layer": 0, "frame_count": 1, "layer_count": 1, "pixelorama_version": "v1.1.10-stable", "project_name": "forest_unbreakable_bushes_top_", "size": [64, 64]}}, "isError": false}}
Processing request of type CallToolRequest
{"tool": "pixelorama_open_project", "result": {"meta": null, "content": [{"type": "text", "text": "{\n  \"api_version\": 8,\n  \"bridge\": \"HermesBridge\",\n  \"current_frame\": 0,\n  \"current_layer\": 0,\n  \"frame_count\": 1,\n  \"layer_count\": 1,\n  \"pixelorama_version\": \"v1.1.10-stable\",\n  \"project_name\": \"forest_unbreakable_bushes_top_\",\n  \"size\": [\n    64,\n    64\n  ]\n}", "annotations": null, "meta": null}], "structuredContent": {"api_version": 8, "bridge": "HermesBridge", "current_frame": 0, "current_layer": 0, "frame_count": 1, "layer_count": 1, "pixelorama_version": "v1.1.10-stable", "project_name": "forest_unbreakable_bushes_top_", "size": [64, 64]}, "isError": false}}
Processing request of type CallToolRequest
{"tool": "pixelorama_export_spritesheet", "result": {"meta": null, "content": [{"type": "text", "text": "{\n  \"path\": \"C:\\\\Oathwake\\\\Oathwake-Main\\\\assets\\\\sprites\\\\world\\\\procedural\\\\terrain\\\\oathwake_tilesets\\\\forest_unbreakable_bushes_top_.png\",\n  \"size\": [\n    64,\n    64\n  ],\n  \"frame_count\": 1,\n  \"columns\": 1\n}", "annotations": null, "meta": null}], "structuredContent": {"path": "C:\\Oathwake\\Oathwake-Main\\assets\\sprites\\world\\procedural\\terrain\\oathwake_tilesets\\forest_unbreakable_bushes_top_.png", "size": [64, 64], "frame_count": 1, "columns": 1}, "isError": false}}
Processing request of type CallToolRequest
{"tool": "pixelorama_create_project", "result": {"meta": null, "content": [{"type": "text", "text": "{\n  \"api_version\": 8,\n  \"bridge\": \"HermesBridge\",\n  \"current_frame\": 0,\n  \"current_layer\": 0,\n  \"frame_count\": 1,\n  \"layer_count\": 1,\n  \"pixelorama_version\": \"v1.1.10-stable\",\n  \"project_name\": \"Oathwake tree_wall\",\n  \"size\": [\n    32,\n    80\n  ]\n}", "annotations": null, "meta": null}], "structuredContent": {"api_version": 8, "bridge": "HermesBridge", "current_frame": 0, "current_layer": 0, "frame_count": 1, "layer_count": 1, "pixelorama_version": "v1.1.10-stable", "project_name": "Oathwake tree_wall", "size": [32, 80]}, "isError": false}}
Processing request of type CallToolRequest
{"tool": "pixelorama_set_pixels", "result": {"meta": null, "content": [{"type": "text", "text": "{\n  \"frame\": 0,\n  \"layer\": 0,\n  \"pixels_changed\": 1930\n}", "annotations": null, "meta": null}], "structuredContent": {"frame": 0, "layer": 0, "pixels_changed": 1930}, "isError": false}}
Processing request of type CallToolRequest
{"tool": "pixelorama_save_project", "result": {"meta": null, "content": [{"type": "text", "text": "{\n  \"path\": \"C:\\\\Oathwake\\\\Oathwake-Main\\\\assets\\\\sprites\\\\world\\\\procedural\\\\terrain\\\\oathwake_tilesets\\\\tree_wall.pxo\",\n  \"project\": {\n    \"api_version\": 8,\n    \"bridge\": \"HermesBridge\",\n    \"current_frame\": 0,\n    \"current_layer\": 0,\n    \"frame_count\": 1,\n    \"layer_count\": 1,\n    \"pixelorama_version\": \"v1.1.10-stable\",\n    \"project_name\": \"tree_wall\",\n    \"size\": [\n      32,\n      80\n    ]\n  }\n}", "annotations": null, "meta": null}], "structuredContent": {"path": "C:\\Oathwake\\Oathwake-Main\\assets\\sprites\\world\\procedural\\terrain\\oathwake_tilesets\\tree_wall.pxo", "project": {"api_version": 8, "bridge": "HermesBridge", "current_frame": 0, "current_layer": 0, "frame_count": 1, "layer_count": 1, "pixelorama_version": "v1.1.10-stable", "project_name": "tree_wall", "size": [32, 80]}}, "isError": false}}
Processing request of type CallToolRequest
{"tool": "pixelorama_open_project", "result": {"meta": null, "content": [{"type": "text", "text": "{\n  \"api_version\": 8,\n  \"bridge\": \"HermesBridge\",\n  \"current_frame\": 0,\n  \"current_layer\": 0,\n  \"frame_count\": 1,\n  \"layer_count\": 1,\n  \"pixelorama_version\": \"v1.1.10-stable\",\n  \"project_name\": \"tree_wall\",\n  \"size\": [\n    32,\n    80\n  ]\n}", "annotations": null, "meta": null}], "structuredContent": {"api_version": 8, "bridge": "HermesBridge", "current_frame": 0, "current_layer": 0, "frame_count": 1, "layer_count": 1, "pixelorama_version": "v1.1.10-stable", "project_name": "tree_wall", "size": [32, 80]}, "isError": false}}
Processing request of type CallToolRequest
{"tool": "pixelorama_export_spritesheet", "result": {"meta": null, "content": [{"type": "text", "text": "{\n  \"path\": \"C:\\\\Oathwake\\\\Oathwake-Main\\\\assets\\\\sprites\\\\world\\\\procedural\\\\terrain\\\\oathwake_tilesets\\\\tree_wall.png\",\n  \"size\": [\n    32,\n    80\n  ],\n  \"frame_count\": 1,\n  \"columns\": 1\n}", "annotations": null, "meta": null}], "structuredContent": {"path": "C:\\Oathwake\\Oathwake-Main\\assets\\sprites\\world\\procedural\\terrain\\oathwake_tilesets\\tree_wall.png", "size": [32, 80], "frame_count": 1, "columns": 1}, "isError": false}}
Processing request of type CallToolRequest
{"tool": "pixelorama_create_project", "result": {"meta": null, "content": [{"type": "text", "text": "{\n  \"api_version\": 8,\n  \"bridge\": \"HermesBridge\",\n  \"current_frame\": 0,\n  \"current_layer\": 0,\n  \"frame_count\": 1,\n  \"layer_count\": 1,\n  \"pixelorama_version\": \"v1.1.10-stable\",\n  \"project_name\": \"Oathwake canopy_\",\n  \"size\": [\n    64,\n    64\n  ]\n}", "annotations": null, "meta": null}], "structuredContent": {"api_version": 8, "bridge": "HermesBridge", "current_frame": 0, "current_layer": 0, "frame_count": 1, "layer_count": 1, "pixelorama_version": "v1.1.10-stable", "project_name": "Oathwake canopy_", "size": [64, 64]}, "isError": false}}
Processing request of type CallToolRequest
{"tool": "pixelorama_set_pixels", "result": {"meta": null, "content": [{"type": "text", "text": "{\n  \"frame\": 0,\n  \"layer\": 0,\n  \"pixels_changed\": 3065\n}", "annotations": null, "meta": null}], "structuredContent": {"frame": 0, "layer": 0, "pixels_changed": 3065}, "isError": false}}
Processing request of type CallToolRequest
{"tool": "pixelorama_save_project", "result": {"meta": null, "content": [{"type": "text", "text": "{\n  \"path\": \"C:\\\\Oathwake\\\\Oathwake-Main\\\\assets\\\\sprites\\\\world\\\\procedural\\\\terrain\\\\oathwake_tilesets\\\\canopy_.pxo\",\n  \"project\": {\n    \"api_version\": 8,\n    \"bridge\": \"HermesBridge\",\n    \"current_frame\": 0,\n    \"current_layer\": 0,\n    \"frame_count\": 1,\n    \"layer_count\": 1,\n    \"pixelorama_version\": \"v1.1.10-stable\",\n    \"project_name\": \"canopy_\",\n    \"size\": [\n      64,\n      64\n    ]\n  }\n}", "annotations": null, "meta": null}], "structuredContent": {"path": "C:\\Oathwake\\Oathwake-Main\\assets\\sprites\\world\\procedural\\terrain\\oathwake_tilesets\\canopy_.pxo", "project": {"api_version": 8, "bridge": "HermesBridge", "current_frame": 0, "current_layer": 0, "frame_count": 1, "layer_count": 1, "pixelorama_version": "v1.1.10-stable", "project_name": "canopy_", "size": [64, 64]}}, "isError": false}}
Processing request of type CallToolRequest
{"tool": "pixelorama_open_project", "result": {"meta": null, "content": [{"type": "text", "text": "{\n  \"api_version\": 8,\n  \"bridge\": \"HermesBridge\",\n  \"current_frame\": 0,\n  \"current_layer\": 0,\n  \"frame_count\": 1,\n  \"layer_count\": 1,\n  \"pixelorama_version\": \"v1.1.10-stable\",\n  \"project_name\": \"canopy_\",\n  \"size\": [\n    64,\n    64\n  ]\n}", "annotations": null, "meta": null}], "structuredContent": {"api_version": 8, "bridge": "HermesBridge", "current_frame": 0, "current_layer": 0, "frame_count": 1, "layer_count": 1, "pixelorama_version": "v1.1.10-stable", "project_name": "canopy_", "size": [64, 64]}, "isError": false}}
Processing request of type CallToolRequest
{"tool": "pixelorama_export_spritesheet", "result": {"meta": null, "content": [{"type": "text", "text": "{\n  \"path\": \"C:\\\\Oathwake\\\\Oathwake-Main\\\\assets\\\\sprites\\\\world\\\\procedural\\\\terrain\\\\oathwake_tilesets\\\\canopy_.png\",\n  \"size\": [\n    64,\n    64\n  ],\n  \"frame_count\": 1,\n  \"columns\": 1\n}", "annotations": null, "meta": null}], "structuredContent": {"path": "C:\\Oathwake\\Oathwake-Main\\assets\\sprites\\world\\procedural\\terrain\\oathwake_tilesets\\canopy_.png", "size": [64, 64], "frame_count": 1, "columns": 1}, "isError": false}}
Processing request of type CallToolRequest
{"tool": "pixelorama_create_project", "result": {"meta": null, "content": [{"type": "text", "text": "{\n  \"api_version\": 8,\n  \"bridge\": \"HermesBridge\",\n  \"current_frame\": 0,\n  \"current_layer\": 0,\n  \"frame_count\": 1,\n  \"layer_count\": 1,\n  \"pixelorama_version\": \"v1.1.10-stable\",\n  \"project_name\": \"Oathwake plainsgrass2_details\",\n  \"size\": [\n    64,\n    16\n  ]\n}", "annotations": null, "meta": null}], "structuredContent": {"api_version": 8, "bridge": "HermesBridge", "current_frame": 0, "current_layer": 0, "frame_count": 1, "layer_count": 1, "pixelorama_version": "v1.1.10-stable", "project_name": "Oathwake plainsgrass2_details", "size": [64, 16]}, "isError": false}}
Processing request of type CallToolRequest
{"tool": "pixelorama_set_pixels", "result": {"meta": null, "content": [{"type": "text", "text": "{\n  \"frame\": 0,\n  \"layer\": 0,\n  \"pixels_changed\": 64\n}", "annotations": null, "meta": null}], "structuredContent": {"frame": 0, "layer": 0, "pixels_changed": 64}, "isError": false}}
Processing request of type CallToolRequest
{"tool": "pixelorama_save_project", "result": {"meta": null, "content": [{"type": "text", "text": "{\n  \"path\": \"C:\\\\Oathwake\\\\Oathwake-Main\\\\assets\\\\sprites\\\\world\\\\procedural\\\\terrain\\\\oathwake_tilesets\\\\plainsgrass2_details.pxo\",\n  \"project\": {\n    \"api_version\": 8,\n    \"bridge\": \"HermesBridge\",\n    \"current_frame\": 0,\n    \"current_layer\": 0,\n    \"frame_count\": 1,\n    \"layer_count\": 1,\n    \"pixelorama_version\": \"v1.1.10-stable\",\n    \"project_name\": \"plainsgrass2_details\",\n    \"size\": [\n      64,\n      16\n    ]\n  }\n}", "annotations": null, "meta": null}], "structuredContent": {"path": "C:\\Oathwake\\Oathwake-Main\\assets\\sprites\\world\\procedural\\terrain\\oathwake_tilesets\\plainsgrass2_details.pxo", "project": {"api_version": 8, "bridge": "HermesBridge", "current_frame": 0, "current_layer": 0, "frame_count": 1, "layer_count": 1, "pixelorama_version": "v1.1.10-stable", "project_name": "plainsgrass2_details", "size": [64, 16]}}, "isError": false}}
Processing request of type CallToolRequest
{"tool": "pixelorama_open_project", "result": {"meta": null, "content": [{"type": "text", "text": "{\n  \"api_version\": 8,\n  \"bridge\": \"HermesBridge\",\n  \"current_frame\": 0,\n  \"current_layer\": 0,\n  \"frame_count\": 1,\n  \"layer_count\": 1,\n  \"pixelorama_version\": \"v1.1.10-stable\",\n  \"project_name\": \"plainsgrass2_details\",\n  \"size\": [\n    64,\n    16\n  ]\n}", "annotations": null, "meta": null}], "structuredContent": {"api_version": 8, "bridge": "HermesBridge", "current_frame": 0, "current_layer": 0, "frame_count": 1, "layer_count": 1, "pixelorama_version": "v1.1.10-stable", "project_name": "plainsgrass2_details", "size": [64, 16]}, "isError": false}}
Processing request of type CallToolRequest
{"tool": "pixelorama_export_spritesheet", "result": {"meta": null, "content": [{"type": "text", "text": "{\n  \"path\": \"C:\\\\Oathwake\\\\Oathwake-Main\\\\assets\\\\sprites\\\\world\\\\procedural\\\\terrain\\\\oathwake_tilesets\\\\plainsgrass2_details.png\",\n  \"size\": [\n    64,\n    16\n  ],\n  \"frame_count\": 1,\n  \"columns\": 1\n}", "annotations": null, "meta": null}], "structuredContent": {"path": "C:\\Oathwake\\Oathwake-Main\\assets\\sprites\\world\\procedural\\terrain\\oathwake_tilesets\\plainsgrass2_details.png", "size": [64, 16], "frame_count": 1, "columns": 1}, "isError": false}}
Processing request of type CallToolRequest
{"tool": "pixelorama_create_project", "result": {"meta": null, "content": [{"type": "text", "text": "{\n  \"api_version\": 8,\n  \"bridge\": \"HermesBridge\",\n  \"current_frame\": 0,\n  \"current_layer\": 0,\n  \"frame_count\": 1,\n  \"layer_count\": 1,\n  \"pixelorama_version\": \"v1.1.10-stable\",\n  \"project_name\": \"Oathwake plainsgrass3_details\",\n  \"size\": [\n    64,\n    16\n  ]\n}", "annotations": null, "meta": null}], "structuredContent": {"api_version": 8, "bridge": "HermesBridge", "current_frame": 0, "current_layer": 0, "frame_count": 1, "layer_count": 1, "pixelorama_version": "v1.1.10-stable", "project_name": "Oathwake plainsgrass3_details", "size": [64, 16]}, "isError": false}}
Processing request of type CallToolRequest
{"tool": "pixelorama_set_pixels", "result": {"meta": null, "content": [{"type": "text", "text": "{\n  \"frame\": 0,\n  \"layer\": 0,\n  \"pixels_changed\": 64\n}", "annotations": null, "meta": null}], "structuredContent": {"frame": 0, "layer": 0, "pixels_changed": 64}, "isError": false}}
Processing request of type CallToolRequest
{"tool": "pixelorama_save_project", "result": {"meta": null, "content": [{"type": "text", "text": "{\n  \"path\": \"C:\\\\Oathwake\\\\Oathwake-Main\\\\assets\\\\sprites\\\\world\\\\procedural\\\\terrain\\\\oathwake_tilesets\\\\plainsgrass3_details.pxo\",\n  \"project\": {\n    \"api_version\": 8,\n    \"bridge\": \"HermesBridge\",\n    \"current_frame\": 0,\n    \"current_layer\": 0,\n    \"frame_count\": 1,\n    \"layer_count\": 1,\n    \"pixelorama_version\": \"v1.1.10-stable\",\n    \"project_name\": \"plainsgrass3_details\",\n    \"size\": [\n      64,\n      16\n    ]\n  }\n}", "annotations": null, "meta": null}], "structuredContent": {"path": "C:\\Oathwake\\Oathwake-Main\\assets\\sprites\\world\\procedural\\terrain\\oathwake_tilesets\\plainsgrass3_details.pxo", "project": {"api_version": 8, "bridge": "HermesBridge", "current_frame": 0, "current_layer": 0, "frame_count": 1, "layer_count": 1, "pixelorama_version": "v1.1.10-stable", "project_name": "plainsgrass3_details", "size": [64, 16]}}, "isError": false}}
Processing request of type CallToolRequest
{"tool": "pixelorama_open_project", "result": {"meta": null, "content": [{"type": "text", "text": "{\n  \"api_version\": 8,\n  \"bridge\": \"HermesBridge\",\n  \"current_frame\": 0,\n  \"current_layer\": 0,\n  \"frame_count\": 1,\n  \"layer_count\": 1,\n  \"pixelorama_version\": \"v1.1.10-stable\",\n  \"project_name\": \"plainsgrass3_details\",\n  \"size\": [\n    64,\n    16\n  ]\n}", "annotations": null, "meta": null}], "structuredContent": {"api_version": 8, "bridge": "HermesBridge", "current_frame": 0, "current_layer": 0, "frame_count": 1, "layer_count": 1, "pixelorama_version": "v1.1.10-stable", "project_name": "plainsgrass3_details", "size": [64, 16]}, "isError": false}}
Processing request of type CallToolRequest
{"tool": "pixelorama_export_spritesheet", "result": {"meta": null, "content": [{"type": "text", "text": "{\n  \"path\": \"C:\\\\Oathwake\\\\Oathwake-Main\\\\assets\\\\sprites\\\\world\\\\procedural\\\\terrain\\\\oathwake_tilesets\\\\plainsgrass3_details.png\",\n  \"size\": [\n    64,\n    16\n  ],\n  \"frame_count\": 1,\n  \"columns\": 1\n}", "annotations": null, "meta": null}], "structuredContent": {"path": "C:\\Oathwake\\Oathwake-Main\\assets\\sprites\\world\\procedural\\terrain\\oathwake_tilesets\\plainsgrass3_details.png", "size": [64, 16], "frame_count": 1, "columns": 1}, "isError": false}}
Processing request of type CallToolRequest
{"tool": "pixelorama_create_project", "result": {"meta": null, "content": [{"type": "text", "text": "{\n  \"api_version\": 8,\n  \"bridge\": \"HermesBridge\",\n  \"current_frame\": 0,\n  \"current_layer\": 0,\n  \"frame_count\": 1,\n  \"layer_count\": 1,\n  \"pixelorama_version\": \"v1.1.10-stable\",\n  \"project_name\": \"Oathwake shortgrass_details\",\n  \"size\": [\n    80,\n    16\n  ]\n}", "annotations": null, "meta": null}], "structuredContent": {"api_version": 8, "bridge": "HermesBridge", "current_frame": 0, "current_layer": 0, "frame_count": 1, "layer_count": 1, "pixelorama_version": "v1.1.10-stable", "project_name": "Oathwake shortgrass_details", "size": [80, 16]}, "isError": false}}
Processing request of type CallToolRequest
{"tool": "pixelorama_set_pixels", "result": {"meta": null, "content": [{"type": "text", "text": "{\n  \"frame\": 0,\n  \"layer\": 0,\n  \"pixels_changed\": 106\n}", "annotations": null, "meta": null}], "structuredContent": {"frame": 0, "layer": 0, "pixels_changed": 106}, "isError": false}}
Processing request of type CallToolRequest
{"tool": "pixelorama_save_project", "result": {"meta": null, "content": [{"type": "text", "text": "{\n  \"path\": \"C:\\\\Oathwake\\\\Oathwake-Main\\\\assets\\\\sprites\\\\world\\\\procedural\\\\terrain\\\\oathwake_tilesets\\\\shortgrass_details.pxo\",\n  \"project\": {\n    \"api_version\": 8,\n    \"bridge\": \"HermesBridge\",\n    \"current_frame\": 0,\n    \"current_layer\": 0,\n    \"frame_count\": 1,\n    \"layer_count\": 1,\n    \"pixelorama_version\": \"v1.1.10-stable\",\n    \"project_name\": \"shortgrass_details\",\n    \"size\": [\n      80,\n      16\n    ]\n  }\n}", "annotations": null, "meta": null}], "structuredContent": {"path": "C:\\Oathwake\\Oathwake-Main\\assets\\sprites\\world\\procedural\\terrain\\oathwake_tilesets\\shortgrass_details.pxo", "project": {"api_version": 8, "bridge": "HermesBridge", "current_frame": 0, "current_layer": 0, "frame_count": 1, "layer_count": 1, "pixelorama_version": "v1.1.10-stable", "project_name": "shortgrass_details", "size": [80, 16]}}, "isError": false}}
Processing request of type CallToolRequest
{"tool": "pixelorama_open_project", "result": {"meta": null, "content": [{"type": "text", "text": "{\n  \"api_version\": 8,\n  \"bridge\": \"HermesBridge\",\n  \"current_frame\": 0,\n  \"current_layer\": 0,\n  \"frame_count\": 1,\n  \"layer_count\": 1,\n  \"pixelorama_version\": \"v1.1.10-stable\",\n  \"project_name\": \"shortgrass_details\",\n  \"size\": [\n    80,\n    16\n  ]\n}", "annotations": null, "meta": null}], "structuredContent": {"api_version": 8, "bridge": "HermesBridge", "current_frame": 0, "current_layer": 0, "frame_count": 1, "layer_count": 1, "pixelorama_version": "v1.1.10-stable", "project_name": "shortgrass_details", "size": [80, 16]}, "isError": false}}
Processing request of type CallToolRequest
{"tool": "pixelorama_export_spritesheet", "result": {"meta": null, "content": [{"type": "text", "text": "{\n  \"path\": \"C:\\\\Oathwake\\\\Oathwake-Main\\\\assets\\\\sprites\\\\world\\\\procedural\\\\terrain\\\\oathwake_tilesets\\\\shortgrass_details.png\",\n  \"size\": [\n    80,\n    16\n  ],\n  \"frame_count\": 1,\n  \"columns\": 1\n}", "annotations": null, "meta": null}], "structuredContent": {"path": "C:\\Oathwake\\Oathwake-Main\\assets\\sprites\\world\\procedural\\terrain\\oathwake_tilesets\\shortgrass_details.png", "size": [80, 16], "frame_count": 1, "columns": 1}, "isError": false}}
Processing request of type CallToolRequest
{"tool": "pixelorama_create_project", "result": {"meta": null, "content": [{"type": "text", "text": "{\n  \"api_version\": 8,\n  \"bridge\": \"HermesBridge\",\n  \"current_frame\": 0,\n  \"current_layer\": 0,\n  \"frame_count\": 1,\n  \"layer_count\": 1,\n  \"pixelorama_version\": \"v1.1.10-stable\",\n  \"project_name\": \"Oathwake flora_tiny_flowers\",\n  \"size\": [\n    32,\n    32\n  ]\n}", "annotations": null, "meta": null}], "structuredContent": {"api_version": 8, "bridge": "HermesBridge", "current_frame": 0, "current_layer": 0, "frame_count": 1, "layer_count": 1, "pixelorama_version": "v1.1.10-stable", "project_name": "Oathwake flora_tiny_flowers", "size": [32, 32]}, "isError": false}}
Processing request of type CallToolRequest
{"tool": "pixelorama_set_pixels", "result": {"meta": null, "content": [{"type": "text", "text": "{\n  \"frame\": 0,\n  \"layer\": 0,\n  \"pixels_changed\": 72\n}", "annotations": null, "meta": null}], "structuredContent": {"frame": 0, "layer": 0, "pixels_changed": 72}, "isError": false}}
Processing request of type CallToolRequest
{"tool": "pixelorama_save_project", "result": {"meta": null, "content": [{"type": "text", "text": "{\n  \"path\": \"C:\\\\Oathwake\\\\Oathwake-Main\\\\assets\\\\sprites\\\\world\\\\procedural\\\\terrain\\\\oathwake_tilesets\\\\flora_tiny_flowers.pxo\",\n  \"project\": {\n    \"api_version\": 8,\n    \"bridge\": \"HermesBridge\",\n    \"current_frame\": 0,\n    \"current_layer\": 0,\n    \"frame_count\": 1,\n    \"layer_count\": 1,\n    \"pixelorama_version\": \"v1.1.10-stable\",\n    \"project_name\": \"flora_tiny_flowers\",\n    \"size\": [\n      32,\n      32\n    ]\n  }\n}", "annotations": null, "meta": null}], "structuredContent": {"path": "C:\\Oathwake\\Oathwake-Main\\assets\\sprites\\world\\procedural\\terrain\\oathwake_tilesets\\flora_tiny_flowers.pxo", "project": {"api_version": 8, "bridge": "HermesBridge", "current_frame": 0, "current_layer": 0, "frame_count": 1, "layer_count": 1, "pixelorama_version": "v1.1.10-stable", "project_name": "flora_tiny_flowers", "size": [32, 32]}}, "isError": false}}
Processing request of type CallToolRequest
{"tool": "pixelorama_open_project", "result": {"meta": null, "content": [{"type": "text", "text": "{\n  \"api_version\": 8,\n  \"bridge\": \"HermesBridge\",\n  \"current_frame\": 0,\n  \"current_layer\": 0,\n  \"frame_count\": 1,\n  \"layer_count\": 1,\n  \"pixelorama_version\": \"v1.1.10-stable\",\n  \"project_name\": \"flora_tiny_flowers\",\n  \"size\": [\n    32,\n    32\n  ]\n}", "annotations": null, "meta": null}], "structuredContent": {"api_version": 8, "bridge": "HermesBridge", "current_frame": 0, "current_layer": 0, "frame_count": 1, "layer_count": 1, "pixelorama_version": "v1.1.10-stable", "project_name": "flora_tiny_flowers", "size": [32, 32]}, "isError": false}}
Processing request of type CallToolRequest
{"tool": "pixelorama_export_spritesheet", "result": {"meta": null, "content": [{"type": "text", "text": "{\n  \"path\": \"C:\\\\Oathwake\\\\Oathwake-Main\\\\assets\\\\sprites\\\\world\\\\procedural\\\\terrain\\\\oathwake_tilesets\\\\flora_tiny_flowers.png\",\n  \"size\": [\n    32,\n    32\n  ],\n  \"frame_count\": 1,\n  \"columns\": 1\n}", "annotations": null, "meta": null}], "structuredContent": {"path": "C:\\Oathwake\\Oathwake-Main\\assets\\sprites\\world\\procedural\\terrain\\oathwake_tilesets\\flora_tiny_flowers.png", "size": [32, 32], "frame_count": 1, "columns": 1}, "isError": false}}
Processing request of type CallToolRequest
{"tool": "pixelorama_create_project", "result": {"meta": null, "content": [{"type": "text", "text": "{\n  \"api_version\": 8,\n  \"bridge\": \"HermesBridge\",\n  \"current_frame\": 0,\n  \"current_layer\": 0,\n  \"frame_count\": 1,\n  \"layer_count\": 1,\n  \"pixelorama_version\": \"v1.1.10-stable\",\n  \"project_name\": \"Oathwake flora_tiny_ground_leaves\",\n  \"size\": [\n    144,\n    32\n  ]\n}", "annotations": null, "meta": null}], "structuredContent": {"api_version": 8, "bridge": "HermesBridge", "current_frame": 0, "current_layer": 0, "frame_count": 1, "layer_count": 1, "pixelorama_version": "v1.1.10-stable", "project_name": "Oathwake flora_tiny_ground_leaves", "size": [144, 32]}, "isError": false}}
Processing request of type CallToolRequest
{"tool": "pixelorama_set_pixels", "result": {"meta": null, "content": [{"type": "text", "text": "{\n  \"frame\": 0,\n  \"layer\": 0,\n  \"pixels_changed\": 286\n}", "annotations": null, "meta": null}], "structuredContent": {"frame": 0, "layer": 0, "pixels_changed": 286}, "isError": false}}
Processing request of type CallToolRequest
{"tool": "pixelorama_save_project", "result": {"meta": null, "content": [{"type": "text", "text": "{\n  \"path\": \"C:\\\\Oathwake\\\\Oathwake-Main\\\\assets\\\\sprites\\\\world\\\\procedural\\\\terrain\\\\oathwake_tilesets\\\\flora_tiny_ground_leaves.pxo\",\n  \"project\": {\n    \"api_version\": 8,\n    \"bridge\": \"HermesBridge\",\n    \"current_frame\": 0,\n    \"current_layer\": 0,\n    \"frame_count\": 1,\n    \"layer_count\": 1,\n    \"pixelorama_version\": \"v1.1.10-stable\",\n    \"project_name\": \"flora_tiny_ground_leaves\",\n    \"size\": [\n      144,\n      32\n    ]\n  }\n}", "annotations": null, "meta": null}], "structuredContent": {"path": "C:\\Oathwake\\Oathwake-Main\\assets\\sprites\\world\\procedural\\terrain\\oathwake_tilesets\\flora_tiny_ground_leaves.pxo", "project": {"api_version": 8, "bridge": "HermesBridge", "current_frame": 0, "current_layer": 0, "frame_count": 1, "layer_count": 1, "pixelorama_version": "v1.1.10-stable", "project_name": "flora_tiny_ground_leaves", "size": [144, 32]}}, "isError": false}}
Processing request of type CallToolRequest
{"tool": "pixelorama_open_project", "result": {"meta": null, "content": [{"type": "text", "text": "{\n  \"api_version\": 8,\n  \"bridge\": \"HermesBridge\",\n  \"current_frame\": 0,\n  \"current_layer\": 0,\n  \"frame_count\": 1,\n  \"layer_count\": 1,\n  \"pixelorama_version\": \"v1.1.10-stable\",\n  \"project_name\": \"flora_tiny_ground_leaves\",\n  \"size\": [\n    144,\n    32\n  ]\n}", "annotations": null, "meta": null}], "structuredContent": {"api_version": 8, "bridge": "HermesBridge", "current_frame": 0, "current_layer": 0, "frame_count": 1, "layer_count": 1, "pixelorama_version": "v1.1.10-stable", "project_name": "flora_tiny_ground_leaves", "size": [144, 32]}, "isError": false}}
Processing request of type CallToolRequest
{"tool": "pixelorama_export_spritesheet", "result": {"meta": null, "content": [{"type": "text", "text": "{\n  \"path\": \"C:\\\\Oathwake\\\\Oathwake-Main\\\\assets\\\\sprites\\\\world\\\\procedural\\\\terrain\\\\oathwake_tilesets\\\\flora_tiny_ground_leaves.png\",\n  \"size\": [\n    144,\n    32\n  ],\n  \"frame_count\": 1,\n  \"columns\": 1\n}", "annotations": null, "meta": null}], "structuredContent": {"path": "C:\\Oathwake\\Oathwake-Main\\assets\\sprites\\world\\procedural\\terrain\\oathwake_tilesets\\flora_tiny_ground_leaves.png", "size": [144, 32], "frame_count": 1, "columns": 1}, "isError": false}}
Processing request of type CallToolRequest
{"tool": "pixelorama_create_project", "result": {"meta": null, "content": [{"type": "text", "text": "{\n  \"api_version\": 8,\n  \"bridge\": \"HermesBridge\",\n  \"current_frame\": 0,\n  \"current_layer\": 0,\n  \"frame_count\": 1,\n  \"layer_count\": 1,\n  \"pixelorama_version\": \"v1.1.10-stable\",\n  \"project_name\": \"Oathwake flora_ground_plants\",\n  \"size\": [\n    192,\n    64\n  ]\n}", "annotations": null, "meta": null}], "structuredContent": {"api_version": 8, "bridge": "HermesBridge", "current_frame": 0, "current_layer": 0, "frame_count": 1, "layer_count": 1, "pixelorama_version": "v1.1.10-stable", "project_name": "Oathwake flora_ground_plants", "size": [192, 64]}, "isError": false}}
Processing request of type CallToolRequest
{"tool": "pixelorama_set_pixels", "result": {"meta": null, "content": [{"type": "text", "text": "{\n  \"frame\": 0,\n  \"layer\": 0,\n  \"pixels_changed\": 2408\n}", "annotations": null, "meta": null}], "structuredContent": {"frame": 0, "layer": 0, "pixels_changed": 2408}, "isError": false}}
Processing request of type CallToolRequest
{"tool": "pixelorama_save_project", "result": {"meta": null, "content": [{"type": "text", "text": "{\n  \"path\": \"C:\\\\Oathwake\\\\Oathwake-Main\\\\assets\\\\sprites\\\\world\\\\procedural\\\\terrain\\\\oathwake_tilesets\\\\flora_ground_plants.pxo\",\n  \"project\": {\n    \"api_version\": 8,\n    \"bridge\": \"HermesBridge\",\n    \"current_frame\": 0,\n    \"current_layer\": 0,\n    \"frame_count\": 1,\n    \"layer_count\": 1,\n    \"pixelorama_version\": \"v1.1.10-stable\",\n    \"project_name\": \"flora_ground_plants\",\n    \"size\": [\n      192,\n      64\n    ]\n  }\n}", "annotations": null, "meta": null}], "structuredContent": {"path": "C:\\Oathwake\\Oathwake-Main\\assets\\sprites\\world\\procedural\\terrain\\oathwake_tilesets\\flora_ground_plants.pxo", "project": {"api_version": 8, "bridge": "HermesBridge", "current_frame": 0, "current_layer": 0, "frame_count": 1, "layer_count": 1, "pixelorama_version": "v1.1.10-stable", "project_name": "flora_ground_plants", "size": [192, 64]}}, "isError": false}}
Processing request of type CallToolRequest
{"tool": "pixelorama_open_project", "result": {"meta": null, "content": [{"type": "text", "text": "{\n  \"api_version\": 8,\n  \"bridge\": \"HermesBridge\",\n  \"current_frame\": 0,\n  \"current_layer\": 0,\n  \"frame_count\": 1,\n  \"layer_count\": 1,\n  \"pixelorama_version\": \"v1.1.10-stable\",\n  \"project_name\": \"flora_ground_plants\",\n  \"size\": [\n    192,\n    64\n  ]\n}", "annotations": null, "meta": null}], "structuredContent": {"api_version": 8, "bridge": "HermesBridge", "current_frame": 0, "current_layer": 0, "frame_count": 1, "layer_count": 1, "pixelorama_version": "v1.1.10-stable", "project_name": "flora_ground_plants", "size": [192, 64]}, "isError": false}}
Processing request of type CallToolRequest
{"tool": "pixelorama_export_spritesheet", "result": {"meta": null, "content": [{"type": "text", "text": "{\n  \"path\": \"C:\\\\Oathwake\\\\Oathwake-Main\\\\assets\\\\sprites\\\\world\\\\procedural\\\\terrain\\\\oathwake_tilesets\\\\flora_ground_plants.png\",\n  \"size\": [\n    192,\n    64\n  ],\n  \"frame_count\": 1,\n  \"columns\": 1\n}", "annotations": null, "meta": null}], "structuredContent": {"path": "C:\\Oathwake\\Oathwake-Main\\assets\\sprites\\world\\procedural\\terrain\\oathwake_tilesets\\flora_ground_plants.png", "size": [192, 64], "frame_count": 1, "columns": 1}, "isError": false}}
