Processing request of type CallToolRequest
Processing request of type ListToolsRequest
{"tool": "pixelorama_status", "result": {"meta": null, "content": [{"type": "text", "text": "{\n  \"api_version\": 8,\n  \"pixelorama_version\": \"v1.1.10-stable\",\n  \"ready\": true,\n  \"unix_time\": 1788838692.005,\n  \"heartbeat_age_seconds\": 0.223\n}", "annotations": null, "meta": null}], "structuredContent": {"api_version": 8, "pixelorama_version": "v1.1.10-stable", "ready": true, "unix_time": 1788838692.005, "heartbeat_age_seconds": 0.223}, "isError": false}}
Processing request of type CallToolRequest
{"tool": "pixelorama_create_project", "result": {"meta": null, "content": [{"type": "text", "text": "{\n  \"api_version\": 8,\n  \"bridge\": \"HermesBridge\",\n  \"current_frame\": 0,\n  \"current_layer\": 0,\n  \"frame_count\": 1,\n  \"layer_count\": 1,\n  \"pixelorama_version\": \"v1.1.10-stable\",\n  \"project_name\": \"reference3-trees\",\n  \"size\": [\n    768,\n    384\n  ]\n}", "annotations": null, "meta": null}], "structuredContent": {"api_version": 8, "bridge": "HermesBridge", "current_frame": 0, "current_layer": 0, "frame_count": 1, "layer_count": 1, "pixelorama_version": "v1.1.10-stable", "project_name": "reference3-trees", "size": [768, 384]}, "isError": false}}
Processing request of type CallToolRequest
{"tool": "pixelorama_set_pixels", "result": {"meta": null, "content": [{"type": "text", "text": "{\n  \"frame\": 0,\n  \"layer\": 0,\n  \"pixels_changed\": 4000\n}", "annotations": null, "meta": null}], "structuredContent": {"frame": 0, "layer": 0, "pixels_changed": 4000}, "isError": false}}
Processing request of type CallToolRequest
{"tool": "pixelorama_set_pixels", "result": {"meta": null, "content": [{"type": "text", "text": "{\n  \"frame\": 0,\n  \"layer\": 0,\n  \"pixels_changed\": 4000\n}", "annotations": null, "meta": null}], "structuredContent": {"frame": 0, "layer": 0, "pixels_changed": 4000}, "isError": false}}
Processing request of type CallToolRequest
{"tool": "pixelorama_set_pixels", "result": {"meta": null, "content": [{"type": "text", "text": "{\n  \"frame\": 0,\n  \"layer\": 0,\n  \"pixels_changed\": 4000\n}", "annotations": null, "meta": null}], "structuredContent": {"frame": 0, "layer": 0, "pixels_changed": 4000}, "isError": false}}
Processing request of type CallToolRequest
{"tool": "pixelorama_set_pixels", "result": {"meta": null, "content": [{"type": "text", "text": "{\n  \"frame\": 0,\n  \"layer\": 0,\n  \"pixels_changed\": 4000\n}", "annotations": null, "meta": null}], "structuredContent": {"frame": 0, "layer": 0, "pixels_changed": 4000}, "isError": false}}
Processing request of type CallToolRequest
{"tool": "pixelorama_set_pixels", "result": {"meta": null, "content": [{"type": "text", "text": "{\n  \"frame\": 0,\n  \"layer\": 0,\n  \"pixels_changed\": 4000\n}", "annotations": null, "meta": null}], "structuredContent": {"frame": 0, "layer": 0, "pixels_changed": 4000}, "isError": false}}
Processing request of type CallToolRequest
{"tool": "pixelorama_set_pixels", "result": {"meta": null, "content": [{"type": "text", "text": "{\n  \"frame\": 0,\n  \"layer\": 0,\n  \"pixels_changed\": 4000\n}", "annotations": null, "meta": null}], "structuredContent": {"frame": 0, "layer": 0, "pixels_changed": 4000}, "isError": false}}
Processing request of type CallToolRequest
{"tool": "pixelorama_set_pixels", "result": {"meta": null, "content": [{"type": "text", "text": "{\n  \"frame\": 0,\n  \"layer\": 0,\n  \"pixels_changed\": 4000\n}", "annotations": null, "meta": null}], "structuredContent": {"frame": 0, "layer": 0, "pixels_changed": 4000}, "isError": false}}
Processing request of type CallToolRequest
{"tool": "pixelorama_set_pixels", "result": {"meta": null, "content": [{"type": "text", "text": "{\n  \"frame\": 0,\n  \"layer\": 0,\n  \"pixels_changed\": 4000\n}", "annotations": null, "meta": null}], "structuredContent": {"frame": 0, "layer": 0, "pixels_changed": 4000}, "isError": false}}
Processing request of type CallToolRequest
{"tool": "pixelorama_set_pixels", "result": {"meta": null, "content": [{"type": "text", "text": "{\n  \"frame\": 0,\n  \"layer\": 0,\n  \"pixels_changed\": 4000\n}", "annotations": null, "meta": null}], "structuredContent": {"frame": 0, "layer": 0, "pixels_changed": 4000}, "isError": false}}
Processing request of type CallToolRequest
{"tool": "pixelorama_set_pixels", "result": {"meta": null, "content": [{"type": "text", "text": "{\n  \"frame\": 0,\n  \"layer\": 0,\n  \"pixels_changed\": 4000\n}", "annotations": null, "meta": null}], "structuredContent": {"frame": 0, "layer": 0, "pixels_changed": 4000}, "isError": false}}
Processing request of type CallToolRequest
{"tool": "pixelorama_set_pixels", "result": {"meta": null, "content": [{"type": "text", "text": "{\n  \"frame\": 0,\n  \"layer\": 0,\n  \"pixels_changed\": 4000\n}", "annotations": null, "meta": null}], "structuredContent": {"frame": 0, "layer": 0, "pixels_changed": 4000}, "isError": false}}
Processing request of type CallToolRequest
{"tool": "pixelorama_set_pixels", "result": {"meta": null, "content": [{"type": "text", "text": "{\n  \"frame\": 0,\n  \"layer\": 0,\n  \"pixels_changed\": 4000\n}", "annotations": null, "meta": null}], "structuredContent": {"frame": 0, "layer": 0, "pixels_changed": 4000}, "isError": false}}
Processing request of type CallToolRequest
{"tool": "pixelorama_set_pixels", "result": {"meta": null, "content": [{"type": "text", "text": "{\n  \"frame\": 0,\n  \"layer\": 0,\n  \"pixels_changed\": 4000\n}", "annotations": null, "meta": null}], "structuredContent": {"frame": 0, "layer": 0, "pixels_changed": 4000}, "isError": false}}
Processing request of type CallToolRequest
{"tool": "pixelorama_set_pixels", "result": {"meta": null, "content": [{"type": "text", "text": "{\n  \"frame\": 0,\n  \"layer\": 0,\n  \"pixels_changed\": 4000\n}", "annotations": null, "meta": null}], "structuredContent": {"frame": 0, "layer": 0, "pixels_changed": 4000}, "isError": false}}
Processing request of type CallToolRequest
{"tool": "pixelorama_set_pixels", "result": {"meta": null, "content": [{"type": "text", "text": "{\n  \"frame\": 0,\n  \"layer\": 0,\n  \"pixels_changed\": 4000\n}", "annotations": null, "meta": null}], "structuredContent": {"frame": 0, "layer": 0, "pixels_changed": 4000}, "isError": false}}
Processing request of type CallToolRequest
{"tool": "pixelorama_set_pixels", "result": {"meta": null, "content": [{"type": "text", "text": "{\n  \"frame\": 0,\n  \"layer\": 0,\n  \"pixels_changed\": 4000\n}", "annotations": null, "meta": null}], "structuredContent": {"frame": 0, "layer": 0, "pixels_changed": 4000}, "isError": false}}
Processing request of type CallToolRequest
{"tool": "pixelorama_set_pixels", "result": {"meta": null, "content": [{"type": "text", "text": "{\n  \"frame\": 0,\n  \"layer\": 0,\n  \"pixels_changed\": 4000\n}", "annotations": null, "meta": null}], "structuredContent": {"frame": 0, "layer": 0, "pixels_changed": 4000}, "isError": false}}
Processing request of type CallToolRequest
{"tool": "pixelorama_set_pixels", "result": {"meta": null, "content": [{"type": "text", "text": "{\n  \"frame\": 0,\n  \"layer\": 0,\n  \"pixels_changed\": 4000\n}", "annotations": null, "meta": null}], "structuredContent": {"frame": 0, "layer": 0, "pixels_changed": 4000}, "isError": false}}
Processing request of type CallToolRequest
{"tool": "pixelorama_set_pixels", "result": {"meta": null, "content": [{"type": "text", "text": "{\n  \"frame\": 0,\n  \"layer\": 0,\n  \"pixels_changed\": 4000\n}", "annotations": null, "meta": null}], "structuredContent": {"frame": 0, "layer": 0, "pixels_changed": 4000}, "isError": false}}
Processing request of type CallToolRequest
{"tool": "pixelorama_set_pixels", "result": {"meta": null, "content": [{"type": "text", "text": "{\n  \"frame\": 0,\n  \"layer\": 0,\n  \"pixels_changed\": 4000\n}", "annotations": null, "meta": null}], "structuredContent": {"frame": 0, "layer": 0, "pixels_changed": 4000}, "isError": false}}
Processing request of type CallToolRequest
{"tool": "pixelorama_set_pixels", "result": {"meta": null, "content": [{"type": "text", "text": "{\n  \"frame\": 0,\n  \"layer\": 0,\n  \"pixels_changed\": 4000\n}", "annotations": null, "meta": null}], "structuredContent": {"frame": 0, "layer": 0, "pixels_changed": 4000}, "isError": false}}
Processing request of type CallToolRequest
{"tool": "pixelorama_set_pixels", "result": {"meta": null, "content": [{"type": "text", "text": "{\n  \"frame\": 0,\n  \"layer\": 0,\n  \"pixels_changed\": 4000\n}", "annotations": null, "meta": null}], "structuredContent": {"frame": 0, "layer": 0, "pixels_changed": 4000}, "isError": false}}
Processing request of type CallToolRequest
{"tool": "pixelorama_set_pixels", "result": {"meta": null, "content": [{"type": "text", "text": "{\n  \"frame\": 0,\n  \"layer\": 0,\n  \"pixels_changed\": 4000\n}", "annotations": null, "meta": null}], "structuredContent": {"frame": 0, "layer": 0, "pixels_changed": 4000}, "isError": false}}
Processing request of type CallToolRequest
{"tool": "pixelorama_set_pixels", "result": {"meta": null, "content": [{"type": "text", "text": "{\n  \"frame\": 0,\n  \"layer\": 0,\n  \"pixels_changed\": 4000\n}", "annotations": null, "meta": null}], "structuredContent": {"frame": 0, "layer": 0, "pixels_changed": 4000}, "isError": false}}
Processing request of type CallToolRequest
{"tool": "pixelorama_set_pixels", "result": {"meta": null, "content": [{"type": "text", "text": "{\n  \"frame\": 0,\n  \"layer\": 0,\n  \"pixels_changed\": 4000\n}", "annotations": null, "meta": null}], "structuredContent": {"frame": 0, "layer": 0, "pixels_changed": 4000}, "isError": false}}
Processing request of type CallToolRequest
{"tool": "pixelorama_set_pixels", "result": {"meta": null, "content": [{"type": "text", "text": "{\n  \"frame\": 0,\n  \"layer\": 0,\n  \"pixels_changed\": 1779\n}", "annotations": null, "meta": null}], "structuredContent": {"frame": 0, "layer": 0, "pixels_changed": 1779}, "isError": false}}
Processing request of type CallToolRequest
{"tool": "pixelorama_save_project", "result": {"meta": null, "content": [{"type": "text", "text": "{\n  \"path\": \"C:\\\\Oathwake\\\\Oathwake-Main\\\\docs\\\\resources\\\\native\\\\reference3-trees.pxo\",\n  \"project\": {\n    \"api_version\": 8,\n    \"bridge\": \"HermesBridge\",\n    \"current_frame\": 0,\n    \"current_layer\": 0,\n    \"frame_count\": 1,\n    \"layer_count\": 1,\n    \"pixelorama_version\": \"v1.1.10-stable\",\n    \"project_name\": \"reference3-trees\",\n    \"size\": [\n      768,\n      384\n    ]\n  }\n}", "annotations": null, "meta": null}], "structuredContent": {"path": "C:\\Oathwake\\Oathwake-Main\\docs\\resources\\native\\reference3-trees.pxo", "project": {"api_version": 8, "bridge": "HermesBridge", "current_frame": 0, "current_layer": 0, "frame_count": 1, "layer_count": 1, "pixelorama_version": "v1.1.10-stable", "project_name": "reference3-trees", "size": [768, 384]}}, "isError": false}}
Processing request of type CallToolRequest
{"tool": "pixelorama_open_project", "result": {"meta": null, "content": [{"type": "text", "text": "{\n  \"api_version\": 8,\n  \"bridge\": \"HermesBridge\",\n  \"current_frame\": 0,\n  \"current_layer\": 0,\n  \"frame_count\": 1,\n  \"layer_count\": 1,\n  \"pixelorama_version\": \"v1.1.10-stable\",\n  \"project_name\": \"reference3-trees\",\n  \"size\": [\n    768,\n    384\n  ]\n}", "annotations": null, "meta": null}], "structuredContent": {"api_version": 8, "bridge": "HermesBridge", "current_frame": 0, "current_layer": 0, "frame_count": 1, "layer_count": 1, "pixelorama_version": "v1.1.10-stable", "project_name": "reference3-trees", "size": [768, 384]}, "isError": false}}
Processing request of type CallToolRequest
{"tool": "pixelorama_export_spritesheet", "result": {"meta": null, "content": [{"type": "text", "text": "{\n  \"path\": \"C:\\\\Oathwake\\\\Oathwake-Main\\\\docs\\\\resources\\\\native\\\\reference3-trees.png\",\n  \"size\": [\n    768,\n    384\n  ],\n  \"frame_count\": 1,\n  \"columns\": 1\n}", "annotations": null, "meta": null}], "structuredContent": {"path": "C:\\Oathwake\\Oathwake-Main\\docs\\resources\\native\\reference3-trees.png", "size": [768, 384], "frame_count": 1, "columns": 1}, "isError": false}}
Processing request of type CallToolRequest
{"tool": "pixelorama_create_project", "result": {"meta": null, "content": [{"type": "text", "text": "{\n  \"api_version\": 8,\n  \"bridge\": \"HermesBridge\",\n  \"current_frame\": 0,\n  \"current_layer\": 0,\n  \"frame_count\": 1,\n  \"layer_count\": 1,\n  \"pixelorama_version\": \"v1.1.10-stable\",\n  \"project_name\": \"reference3-crowns\",\n  \"size\": [\n    768,\n    384\n  ]\n}", "annotations": null, "meta": null}], "structuredContent": {"api_version": 8, "bridge": "HermesBridge", "current_frame": 0, "current_layer": 0, "frame_count": 1, "layer_count": 1, "pixelorama_version": "v1.1.10-stable", "project_name": "reference3-crowns", "size": [768, 384]}, "isError": false}}
Processing request of type CallToolRequest
{"tool": "pixelorama_set_pixels", "result": {"meta": null, "content": [{"type": "text", "text": "{\n  \"frame\": 0,\n  \"layer\": 0,\n  \"pixels_changed\": 4000\n}", "annotations": null, "meta": null}], "structuredContent": {"frame": 0, "layer": 0, "pixels_changed": 4000}, "isError": false}}
Processing request of type CallToolRequest
{"tool": "pixelorama_set_pixels", "result": {"meta": null, "content": [{"type": "text", "text": "{\n  \"frame\": 0,\n  \"layer\": 0,\n  \"pixels_changed\": 4000\n}", "annotations": null, "meta": null}], "structuredContent": {"frame": 0, "layer": 0, "pixels_changed": 4000}, "isError": false}}
Processing request of type CallToolRequest
{"tool": "pixelorama_set_pixels", "result": {"meta": null, "content": [{"type": "text", "text": "{\n  \"frame\": 0,\n  \"layer\": 0,\n  \"pixels_changed\": 4000\n}", "annotations": null, "meta": null}], "structuredContent": {"frame": 0, "layer": 0, "pixels_changed": 4000}, "isError": false}}
Processing request of type CallToolRequest
{"tool": "pixelorama_set_pixels", "result": {"meta": null, "content": [{"type": "text", "text": "{\n  \"frame\": 0,\n  \"layer\": 0,\n  \"pixels_changed\": 4000\n}", "annotations": null, "meta": null}], "structuredContent": {"frame": 0, "layer": 0, "pixels_changed": 4000}, "isError": false}}
Processing request of type CallToolRequest
{"tool": "pixelorama_set_pixels", "result": {"meta": null, "content": [{"type": "text", "text": "{\n  \"frame\": 0,\n  \"layer\": 0,\n  \"pixels_changed\": 4000\n}", "annotations": null, "meta": null}], "structuredContent": {"frame": 0, "layer": 0, "pixels_changed": 4000}, "isError": false}}
Processing request of type CallToolRequest
{"tool": "pixelorama_set_pixels", "result": {"meta": null, "content": [{"type": "text", "text": "{\n  \"frame\": 0,\n  \"layer\": 0,\n  \"pixels_changed\": 4000\n}", "annotations": null, "meta": null}], "structuredContent": {"frame": 0, "layer": 0, "pixels_changed": 4000}, "isError": false}}
Processing request of type CallToolRequest
{"tool": "pixelorama_set_pixels", "result": {"meta": null, "content": [{"type": "text", "text": "{\n  \"frame\": 0,\n  \"layer\": 0,\n  \"pixels_changed\": 4000\n}", "annotations": null, "meta": null}], "structuredContent": {"frame": 0, "layer": 0, "pixels_changed": 4000}, "isError": false}}
Processing request of type CallToolRequest
{"tool": "pixelorama_set_pixels", "result": {"meta": null, "content": [{"type": "text", "text": "{\n  \"frame\": 0,\n  \"layer\": 0,\n  \"pixels_changed\": 4000\n}", "annotations": null, "meta": null}], "structuredContent": {"frame": 0, "layer": 0, "pixels_changed": 4000}, "isError": false}}
Processing request of type CallToolRequest
{"tool": "pixelorama_set_pixels", "result": {"meta": null, "content": [{"type": "text", "text": "{\n  \"frame\": 0,\n  \"layer\": 0,\n  \"pixels_changed\": 4000\n}", "annotations": null, "meta": null}], "structuredContent": {"frame": 0, "layer": 0, "pixels_changed": 4000}, "isError": false}}
Processing request of type CallToolRequest
{"tool": "pixelorama_set_pixels", "result": {"meta": null, "content": [{"type": "text", "text": "{\n  \"frame\": 0,\n  \"layer\": 0,\n  \"pixels_changed\": 4000\n}", "annotations": null, "meta": null}], "structuredContent": {"frame": 0, "layer": 0, "pixels_changed": 4000}, "isError": false}}
Processing request of type CallToolRequest
{"tool": "pixelorama_set_pixels", "result": {"meta": null, "content": [{"type": "text", "text": "{\n  \"frame\": 0,\n  \"layer\": 0,\n  \"pixels_changed\": 4000\n}", "annotations": null, "meta": null}], "structuredContent": {"frame": 0, "layer": 0, "pixels_changed": 4000}, "isError": false}}
Processing request of type CallToolRequest
{"tool": "pixelorama_set_pixels", "result": {"meta": null, "content": [{"type": "text", "text": "{\n  \"frame\": 0,\n  \"layer\": 0,\n  \"pixels_changed\": 4000\n}", "annotations": null, "meta": null}], "structuredContent": {"frame": 0, "layer": 0, "pixels_changed": 4000}, "isError": false}}
Processing request of type CallToolRequest
{"tool": "pixelorama_set_pixels", "result": {"meta": null, "content": [{"type": "text", "text": "{\n  \"frame\": 0,\n  \"layer\": 0,\n  \"pixels_changed\": 4000\n}", "annotations": null, "meta": null}], "structuredContent": {"frame": 0, "layer": 0, "pixels_changed": 4000}, "isError": false}}
Processing request of type CallToolRequest
{"tool": "pixelorama_set_pixels", "result": {"meta": null, "content": [{"type": "text", "text": "{\n  \"frame\": 0,\n  \"layer\": 0,\n  \"pixels_changed\": 4000\n}", "annotations": null, "meta": null}], "structuredContent": {"frame": 0, "layer": 0, "pixels_changed": 4000}, "isError": false}}
Processing request of type CallToolRequest
{"tool": "pixelorama_set_pixels", "result": {"meta": null, "content": [{"type": "text", "text": "{\n  \"frame\": 0,\n  \"layer\": 0,\n  \"pixels_changed\": 4000\n}", "annotations": null, "meta": null}], "structuredContent": {"frame": 0, "layer": 0, "pixels_changed": 4000}, "isError": false}}
Processing request of type CallToolRequest
{"tool": "pixelorama_set_pixels", "result": {"meta": null, "content": [{"type": "text", "text": "{\n  \"frame\": 0,\n  \"layer\": 0,\n  \"pixels_changed\": 4000\n}", "annotations": null, "meta": null}], "structuredContent": {"frame": 0, "layer": 0, "pixels_changed": 4000}, "isError": false}}
Processing request of type CallToolRequest
{"tool": "pixelorama_set_pixels", "result": {"meta": null, "content": [{"type": "text", "text": "{\n  \"frame\": 0,\n  \"layer\": 0,\n  \"pixels_changed\": 4000\n}", "annotations": null, "meta": null}], "structuredContent": {"frame": 0, "layer": 0, "pixels_changed": 4000}, "isError": false}}
Processing request of type CallToolRequest
{"tool": "pixelorama_set_pixels", "result": {"meta": null, "content": [{"type": "text", "text": "{\n  \"frame\": 0,\n  \"layer\": 0,\n  \"pixels_changed\": 4000\n}", "annotations": null, "meta": null}], "structuredContent": {"frame": 0, "layer": 0, "pixels_changed": 4000}, "isError": false}}
Processing request of type CallToolRequest
{"tool": "pixelorama_set_pixels", "result": {"meta": null, "content": [{"type": "text", "text": "{\n  \"frame\": 0,\n  \"layer\": 0,\n  \"pixels_changed\": 4000\n}", "annotations": null, "meta": null}], "structuredContent": {"frame": 0, "layer": 0, "pixels_changed": 4000}, "isError": false}}
Processing request of type CallToolRequest
{"tool": "pixelorama_set_pixels", "result": {"meta": null, "content": [{"type": "text", "text": "{\n  \"frame\": 0,\n  \"layer\": 0,\n  \"pixels_changed\": 4000\n}", "annotations": null, "meta": null}], "structuredContent": {"frame": 0, "layer": 0, "pixels_changed": 4000}, "isError": false}}
Processing request of type CallToolRequest
{"tool": "pixelorama_set_pixels", "result": {"meta": null, "content": [{"type": "text", "text": "{\n  \"frame\": 0,\n  \"layer\": 0,\n  \"pixels_changed\": 4000\n}", "annotations": null, "meta": null}], "structuredContent": {"frame": 0, "layer": 0, "pixels_changed": 4000}, "isError": false}}
Processing request of type CallToolRequest
{"tool": "pixelorama_set_pixels", "result": {"meta": null, "content": [{"type": "text", "text": "{\n  \"frame\": 0,\n  \"layer\": 0,\n  \"pixels_changed\": 4000\n}", "annotations": null, "meta": null}], "structuredContent": {"frame": 0, "layer": 0, "pixels_changed": 4000}, "isError": false}}
Processing request of type CallToolRequest
{"tool": "pixelorama_set_pixels", "result": {"meta": null, "content": [{"type": "text", "text": "{\n  \"frame\": 0,\n  \"layer\": 0,\n  \"pixels_changed\": 4000\n}", "annotations": null, "meta": null}], "structuredContent": {"frame": 0, "layer": 0, "pixels_changed": 4000}, "isError": false}}
Processing request of type CallToolRequest
{"tool": "pixelorama_set_pixels", "result": {"meta": null, "content": [{"type": "text", "text": "{\n  \"frame\": 0,\n  \"layer\": 0,\n  \"pixels_changed\": 2070\n}", "annotations": null, "meta": null}], "structuredContent": {"frame": 0, "layer": 0, "pixels_changed": 2070}, "isError": false}}
Processing request of type CallToolRequest
{"tool": "pixelorama_save_project", "result": {"meta": null, "content": [{"type": "text", "text": "{\n  \"path\": \"C:\\\\Oathwake\\\\Oathwake-Main\\\\docs\\\\resources\\\\native\\\\reference3-crowns.pxo\",\n  \"project\": {\n    \"api_version\": 8,\n    \"bridge\": \"HermesBridge\",\n    \"current_frame\": 0,\n    \"current_layer\": 0,\n    \"frame_count\": 1,\n    \"layer_count\": 1,\n    \"pixelorama_version\": \"v1.1.10-stable\",\n    \"project_name\": \"reference3-crowns\",\n    \"size\": [\n      768,\n      384\n    ]\n  }\n}", "annotations": null, "meta": null}], "structuredContent": {"path": "C:\\Oathwake\\Oathwake-Main\\docs\\resources\\native\\reference3-crowns.pxo", "project": {"api_version": 8, "bridge": "HermesBridge", "current_frame": 0, "current_layer": 0, "frame_count": 1, "layer_count": 1, "pixelorama_version": "v1.1.10-stable", "project_name": "reference3-crowns", "size": [768, 384]}}, "isError": false}}
Processing request of type CallToolRequest
{"tool": "pixelorama_open_project", "result": {"meta": null, "content": [{"type": "text", "text": "{\n  \"api_version\": 8,\n  \"bridge\": \"HermesBridge\",\n  \"current_frame\": 0,\n  \"current_layer\": 0,\n  \"frame_count\": 1,\n  \"layer_count\": 1,\n  \"pixelorama_version\": \"v1.1.10-stable\",\n  \"project_name\": \"reference3-crowns\",\n  \"size\": [\n    768,\n    384\n  ]\n}", "annotations": null, "meta": null}], "structuredContent": {"api_version": 8, "bridge": "HermesBridge", "current_frame": 0, "current_layer": 0, "frame_count": 1, "layer_count": 1, "pixelorama_version": "v1.1.10-stable", "project_name": "reference3-crowns", "size": [768, 384]}, "isError": false}}
Processing request of type CallToolRequest
{"tool": "pixelorama_export_spritesheet", "result": {"meta": null, "content": [{"type": "text", "text": "{\n  \"path\": \"C:\\\\Oathwake\\\\Oathwake-Main\\\\docs\\\\resources\\\\native\\\\reference3-crowns.png\",\n  \"size\": [\n    768,\n    384\n  ],\n  \"frame_count\": 1,\n  \"columns\": 1\n}", "annotations": null, "meta": null}], "structuredContent": {"path": "C:\\Oathwake\\Oathwake-Main\\docs\\resources\\native\\reference3-crowns.png", "size": [768, 384], "frame_count": 1, "columns": 1}, "isError": false}}
Processing request of type CallToolRequest
{"tool": "pixelorama_create_project", "result": {"meta": null, "content": [{"type": "text", "text": "{\n  \"api_version\": 8,\n  \"bridge\": \"HermesBridge\",\n  \"current_frame\": 0,\n  \"current_layer\": 0,\n  \"frame_count\": 1,\n  \"layer_count\": 1,\n  \"pixelorama_version\": \"v1.1.10-stable\",\n  \"project_name\": \"reference3-trunks\",\n  \"size\": [\n    768,\n    384\n  ]\n}", "annotations": null, "meta": null}], "structuredContent": {"api_version": 8, "bridge": "HermesBridge", "current_frame": 0, "current_layer": 0, "frame_count": 1, "layer_count": 1, "pixelorama_version": "v1.1.10-stable", "project_name": "reference3-trunks", "size": [768, 384]}, "isError": false}}
Processing request of type CallToolRequest
{"tool": "pixelorama_set_pixels", "result": {"meta": null, "content": [{"type": "text", "text": "{\n  \"frame\": 0,\n  \"layer\": 0,\n  \"pixels_changed\": 4000\n}", "annotations": null, "meta": null}], "structuredContent": {"frame": 0, "layer": 0, "pixels_changed": 4000}, "isError": false}}
Processing request of type CallToolRequest
{"tool": "pixelorama_set_pixels", "result": {"meta": null, "content": [{"type": "text", "text": "{\n  \"frame\": 0,\n  \"layer\": 0,\n  \"pixels_changed\": 3709\n}", "annotations": null, "meta": null}], "structuredContent": {"frame": 0, "layer": 0, "pixels_changed": 3709}, "isError": false}}
Processing request of type CallToolRequest
{"tool": "pixelorama_save_project", "result": {"meta": null, "content": [{"type": "text", "text": "{\n  \"path\": \"C:\\\\Oathwake\\\\Oathwake-Main\\\\docs\\\\resources\\\\native\\\\reference3-trunks.pxo\",\n  \"project\": {\n    \"api_version\": 8,\n    \"bridge\": \"HermesBridge\",\n    \"current_frame\": 0,\n    \"current_layer\": 0,\n    \"frame_count\": 1,\n    \"layer_count\": 1,\n    \"pixelorama_version\": \"v1.1.10-stable\",\n    \"project_name\": \"reference3-trunks\",\n    \"size\": [\n      768,\n      384\n    ]\n  }\n}", "annotations": null, "meta": null}], "structuredContent": {"path": "C:\\Oathwake\\Oathwake-Main\\docs\\resources\\native\\reference3-trunks.pxo", "project": {"api_version": 8, "bridge": "HermesBridge", "current_frame": 0, "current_layer": 0, "frame_count": 1, "layer_count": 1, "pixelorama_version": "v1.1.10-stable", "project_name": "reference3-trunks", "size": [768, 384]}}, "isError": false}}
Processing request of type CallToolRequest
{"tool": "pixelorama_open_project", "result": {"meta": null, "content": [{"type": "text", "text": "{\n  \"api_version\": 8,\n  \"bridge\": \"HermesBridge\",\n  \"current_frame\": 0,\n  \"current_layer\": 0,\n  \"frame_count\": 1,\n  \"layer_count\": 1,\n  \"pixelorama_version\": \"v1.1.10-stable\",\n  \"project_name\": \"reference3-trunks\",\n  \"size\": [\n    768,\n    384\n  ]\n}", "annotations": null, "meta": null}], "structuredContent": {"api_version": 8, "bridge": "HermesBridge", "current_frame": 0, "current_layer": 0, "frame_count": 1, "layer_count": 1, "pixelorama_version": "v1.1.10-stable", "project_name": "reference3-trunks", "size": [768, 384]}, "isError": false}}
Processing request of type CallToolRequest
{"tool": "pixelorama_export_spritesheet", "result": {"meta": null, "content": [{"type": "text", "text": "{\n  \"path\": \"C:\\\\Oathwake\\\\Oathwake-Main\\\\docs\\\\resources\\\\native\\\\reference3-trunks.png\",\n  \"size\": [\n    768,\n    384\n  ],\n  \"frame_count\": 1,\n  \"columns\": 1\n}", "annotations": null, "meta": null}], "structuredContent": {"path": "C:\\Oathwake\\Oathwake-Main\\docs\\resources\\native\\reference3-trunks.png", "size": [768, 384], "frame_count": 1, "columns": 1}, "isError": false}}
