Processing request of type CallToolRequest
Processing request of type ListToolsRequest
{"tool": "pixelorama_status", "result": {"meta": null, "content": [{"type": "text", "text": "{\n  \"api_version\": 8,\n  \"pixelorama_version\": \"v1.1.10-stable\",\n  \"ready\": true,\n  \"unix_time\": 1788836402.875,\n  \"heartbeat_age_seconds\": 0.833\n}", "annotations": null, "meta": null}], "structuredContent": {"api_version": 8, "pixelorama_version": "v1.1.10-stable", "ready": true, "unix_time": 1788836402.875, "heartbeat_age_seconds": 0.833}, "isError": false}}
Processing request of type CallToolRequest
{"tool": "pixelorama_create_project", "result": {"meta": null, "content": [{"type": "text", "text": "{\n  \"api_version\": 8,\n  \"bridge\": \"HermesBridge\",\n  \"current_frame\": 0,\n  \"current_layer\": 0,\n  \"frame_count\": 1,\n  \"layer_count\": 1,\n  \"pixelorama_version\": \"v1.1.10-stable\",\n  \"project_name\": \"reference3-oak\",\n  \"size\": [\n    128,\n    192\n  ]\n}", "annotations": null, "meta": null}], "structuredContent": {"api_version": 8, "bridge": "HermesBridge", "current_frame": 0, "current_layer": 0, "frame_count": 1, "layer_count": 1, "pixelorama_version": "v1.1.10-stable", "project_name": "reference3-oak", "size": [128, 192]}, "isError": false}}
Processing request of type CallToolRequest
{"tool": "pixelorama_set_pixels", "result": {"meta": null, "content": [{"type": "text", "text": "{\n  \"frame\": 0,\n  \"layer\": 0,\n  \"pixels_changed\": 4000\n}", "annotations": null, "meta": null}], "structuredContent": {"frame": 0, "layer": 0, "pixels_changed": 4000}, "isError": false}}
Processing request of type CallToolRequest
{"tool": "pixelorama_set_pixels", "result": {"meta": null, "content": [{"type": "text", "text": "{\n  \"frame\": 0,\n  \"layer\": 0,\n  \"pixels_changed\": 4000\n}", "annotations": null, "meta": null}], "structuredContent": {"frame": 0, "layer": 0, "pixels_changed": 4000}, "isError": false}}
Processing request of type CallToolRequest
{"tool": "pixelorama_set_pixels", "result": {"meta": null, "content": [{"type": "text", "text": "{\n  \"frame\": 0,\n  \"layer\": 0,\n  \"pixels_changed\": 2242\n}", "annotations": null, "meta": null}], "structuredContent": {"frame": 0, "layer": 0, "pixels_changed": 2242}, "isError": false}}
Processing request of type CallToolRequest
{"tool": "pixelorama_save_project", "result": {"meta": null, "content": [{"type": "text", "text": "{\n  \"path\": \"C:\\\\Oathwake\\\\Oathwake-Main\\\\docs\\\\resources\\\\native\\\\reference3-oak.pxo\",\n  \"project\": {\n    \"api_version\": 8,\n    \"bridge\": \"HermesBridge\",\n    \"current_frame\": 0,\n    \"current_layer\": 0,\n    \"frame_count\": 1,\n    \"layer_count\": 1,\n    \"pixelorama_version\": \"v1.1.10-stable\",\n    \"project_name\": \"reference3-oak\",\n    \"size\": [\n      128,\n      192\n    ]\n  }\n}", "annotations": null, "meta": null}], "structuredContent": {"path": "C:\\Oathwake\\Oathwake-Main\\docs\\resources\\native\\reference3-oak.pxo", "project": {"api_version": 8, "bridge": "HermesBridge", "current_frame": 0, "current_layer": 0, "frame_count": 1, "layer_count": 1, "pixelorama_version": "v1.1.10-stable", "project_name": "reference3-oak", "size": [128, 192]}}, "isError": false}}
Processing request of type CallToolRequest
{"tool": "pixelorama_open_project", "result": {"meta": null, "content": [{"type": "text", "text": "{\n  \"api_version\": 8,\n  \"bridge\": \"HermesBridge\",\n  \"current_frame\": 0,\n  \"current_layer\": 0,\n  \"frame_count\": 1,\n  \"layer_count\": 1,\n  \"pixelorama_version\": \"v1.1.10-stable\",\n  \"project_name\": \"reference3-oak\",\n  \"size\": [\n    128,\n    192\n  ]\n}", "annotations": null, "meta": null}], "structuredContent": {"api_version": 8, "bridge": "HermesBridge", "current_frame": 0, "current_layer": 0, "frame_count": 1, "layer_count": 1, "pixelorama_version": "v1.1.10-stable", "project_name": "reference3-oak", "size": [128, 192]}, "isError": false}}
Processing request of type CallToolRequest
{"tool": "pixelorama_export_spritesheet", "result": {"meta": null, "content": [{"type": "text", "text": "{\n  \"path\": \"C:\\\\Oathwake\\\\Oathwake-Main\\\\docs\\\\resources\\\\native\\\\reference3-oak.png\",\n  \"size\": [\n    128,\n    192\n  ],\n  \"frame_count\": 1,\n  \"columns\": 1\n}", "annotations": null, "meta": null}], "structuredContent": {"path": "C:\\Oathwake\\Oathwake-Main\\docs\\resources\\native\\reference3-oak.png", "size": [128, 192], "frame_count": 1, "columns": 1}, "isError": false}}
Processing request of type CallToolRequest
{"tool": "pixelorama_create_project", "result": {"meta": null, "content": [{"type": "text", "text": "{\n  \"api_version\": 8,\n  \"bridge\": \"HermesBridge\",\n  \"current_frame\": 0,\n  \"current_layer\": 0,\n  \"frame_count\": 1,\n  \"layer_count\": 1,\n  \"pixelorama_version\": \"v1.1.10-stable\",\n  \"project_name\": \"reference3-oak-crown\",\n  \"size\": [\n    128,\n    192\n  ]\n}", "annotations": null, "meta": null}], "structuredContent": {"api_version": 8, "bridge": "HermesBridge", "current_frame": 0, "current_layer": 0, "frame_count": 1, "layer_count": 1, "pixelorama_version": "v1.1.10-stable", "project_name": "reference3-oak-crown", "size": [128, 192]}, "isError": false}}
Processing request of type CallToolRequest
{"tool": "pixelorama_set_pixels", "result": {"meta": null, "content": [{"type": "text", "text": "{\n  \"frame\": 0,\n  \"layer\": 0,\n  \"pixels_changed\": 4000\n}", "annotations": null, "meta": null}], "structuredContent": {"frame": 0, "layer": 0, "pixels_changed": 4000}, "isError": false}}
Processing request of type CallToolRequest
{"tool": "pixelorama_set_pixels", "result": {"meta": null, "content": [{"type": "text", "text": "{\n  \"frame\": 0,\n  \"layer\": 0,\n  \"pixels_changed\": 4000\n}", "annotations": null, "meta": null}], "structuredContent": {"frame": 0, "layer": 0, "pixels_changed": 4000}, "isError": false}}
Processing request of type CallToolRequest
{"tool": "pixelorama_set_pixels", "result": {"meta": null, "content": [{"type": "text", "text": "{\n  \"frame\": 0,\n  \"layer\": 0,\n  \"pixels_changed\": 131\n}", "annotations": null, "meta": null}], "structuredContent": {"frame": 0, "layer": 0, "pixels_changed": 131}, "isError": false}}
Processing request of type CallToolRequest
{"tool": "pixelorama_save_project", "result": {"meta": null, "content": [{"type": "text", "text": "{\n  \"path\": \"C:\\\\Oathwake\\\\Oathwake-Main\\\\docs\\\\resources\\\\native\\\\reference3-oak-crown.pxo\",\n  \"project\": {\n    \"api_version\": 8,\n    \"bridge\": \"HermesBridge\",\n    \"current_frame\": 0,\n    \"current_layer\": 0,\n    \"frame_count\": 1,\n    \"layer_count\": 1,\n    \"pixelorama_version\": \"v1.1.10-stable\",\n    \"project_name\": \"reference3-oak-crown\",\n    \"size\": [\n      128,\n      192\n    ]\n  }\n}", "annotations": null, "meta": null}], "structuredContent": {"path": "C:\\Oathwake\\Oathwake-Main\\docs\\resources\\native\\reference3-oak-crown.pxo", "project": {"api_version": 8, "bridge": "HermesBridge", "current_frame": 0, "current_layer": 0, "frame_count": 1, "layer_count": 1, "pixelorama_version": "v1.1.10-stable", "project_name": "reference3-oak-crown", "size": [128, 192]}}, "isError": false}}
Processing request of type CallToolRequest
{"tool": "pixelorama_open_project", "result": {"meta": null, "content": [{"type": "text", "text": "{\n  \"api_version\": 8,\n  \"bridge\": \"HermesBridge\",\n  \"current_frame\": 0,\n  \"current_layer\": 0,\n  \"frame_count\": 1,\n  \"layer_count\": 1,\n  \"pixelorama_version\": \"v1.1.10-stable\",\n  \"project_name\": \"reference3-oak-crown\",\n  \"size\": [\n    128,\n    192\n  ]\n}", "annotations": null, "meta": null}], "structuredContent": {"api_version": 8, "bridge": "HermesBridge", "current_frame": 0, "current_layer": 0, "frame_count": 1, "layer_count": 1, "pixelorama_version": "v1.1.10-stable", "project_name": "reference3-oak-crown", "size": [128, 192]}, "isError": false}}
Processing request of type CallToolRequest
{"tool": "pixelorama_export_spritesheet", "result": {"meta": null, "content": [{"type": "text", "text": "{\n  \"path\": \"C:\\\\Oathwake\\\\Oathwake-Main\\\\docs\\\\resources\\\\native\\\\reference3-oak-crown.png\",\n  \"size\": [\n    128,\n    192\n  ],\n  \"frame_count\": 1,\n  \"columns\": 1\n}", "annotations": null, "meta": null}], "structuredContent": {"path": "C:\\Oathwake\\Oathwake-Main\\docs\\resources\\native\\reference3-oak-crown.png", "size": [128, 192], "frame_count": 1, "columns": 1}, "isError": false}}
Processing request of type CallToolRequest
{"tool": "pixelorama_create_project", "result": {"meta": null, "content": [{"type": "text", "text": "{\n  \"api_version\": 8,\n  \"bridge\": \"HermesBridge\",\n  \"current_frame\": 0,\n  \"current_layer\": 0,\n  \"frame_count\": 1,\n  \"layer_count\": 1,\n  \"pixelorama_version\": \"v1.1.10-stable\",\n  \"project_name\": \"reference3-oak-trunk\",\n  \"size\": [\n    128,\n    192\n  ]\n}", "annotations": null, "meta": null}], "structuredContent": {"api_version": 8, "bridge": "HermesBridge", "current_frame": 0, "current_layer": 0, "frame_count": 1, "layer_count": 1, "pixelorama_version": "v1.1.10-stable", "project_name": "reference3-oak-trunk", "size": [128, 192]}, "isError": false}}
Processing request of type CallToolRequest
{"tool": "pixelorama_set_pixels", "result": {"meta": null, "content": [{"type": "text", "text": "{\n  \"frame\": 0,\n  \"layer\": 0,\n  \"pixels_changed\": 2111\n}", "annotations": null, "meta": null}], "structuredContent": {"frame": 0, "layer": 0, "pixels_changed": 2111}, "isError": false}}
Processing request of type CallToolRequest
{"tool": "pixelorama_save_project", "result": {"meta": null, "content": [{"type": "text", "text": "{\n  \"path\": \"C:\\\\Oathwake\\\\Oathwake-Main\\\\docs\\\\resources\\\\native\\\\reference3-oak-trunk.pxo\",\n  \"project\": {\n    \"api_version\": 8,\n    \"bridge\": \"HermesBridge\",\n    \"current_frame\": 0,\n    \"current_layer\": 0,\n    \"frame_count\": 1,\n    \"layer_count\": 1,\n    \"pixelorama_version\": \"v1.1.10-stable\",\n    \"project_name\": \"reference3-oak-trunk\",\n    \"size\": [\n      128,\n      192\n    ]\n  }\n}", "annotations": null, "meta": null}], "structuredContent": {"path": "C:\\Oathwake\\Oathwake-Main\\docs\\resources\\native\\reference3-oak-trunk.pxo", "project": {"api_version": 8, "bridge": "HermesBridge", "current_frame": 0, "current_layer": 0, "frame_count": 1, "layer_count": 1, "pixelorama_version": "v1.1.10-stable", "project_name": "reference3-oak-trunk", "size": [128, 192]}}, "isError": false}}
Processing request of type CallToolRequest
{"tool": "pixelorama_open_project", "result": {"meta": null, "content": [{"type": "text", "text": "{\n  \"api_version\": 8,\n  \"bridge\": \"HermesBridge\",\n  \"current_frame\": 0,\n  \"current_layer\": 0,\n  \"frame_count\": 1,\n  \"layer_count\": 1,\n  \"pixelorama_version\": \"v1.1.10-stable\",\n  \"project_name\": \"reference3-oak-trunk\",\n  \"size\": [\n    128,\n    192\n  ]\n}", "annotations": null, "meta": null}], "structuredContent": {"api_version": 8, "bridge": "HermesBridge", "current_frame": 0, "current_layer": 0, "frame_count": 1, "layer_count": 1, "pixelorama_version": "v1.1.10-stable", "project_name": "reference3-oak-trunk", "size": [128, 192]}, "isError": false}}
Processing request of type CallToolRequest
{"tool": "pixelorama_export_spritesheet", "result": {"meta": null, "content": [{"type": "text", "text": "{\n  \"path\": \"C:\\\\Oathwake\\\\Oathwake-Main\\\\docs\\\\resources\\\\native\\\\reference3-oak-trunk.png\",\n  \"size\": [\n    128,\n    192\n  ],\n  \"frame_count\": 1,\n  \"columns\": 1\n}", "annotations": null, "meta": null}], "structuredContent": {"path": "C:\\Oathwake\\Oathwake-Main\\docs\\resources\\native\\reference3-oak-trunk.png", "size": [128, 192], "frame_count": 1, "columns": 1}, "isError": false}}
Processing request of type CallToolRequest
{"tool": "pixelorama_create_project", "result": {"meta": null, "content": [{"type": "text", "text": "{\n  \"api_version\": 8,\n  \"bridge\": \"HermesBridge\",\n  \"current_frame\": 0,\n  \"current_layer\": 0,\n  \"frame_count\": 1,\n  \"layer_count\": 1,\n  \"pixelorama_version\": \"v1.1.10-stable\",\n  \"project_name\": \"reference3-oak-parts\",\n  \"size\": [\n    416,\n    208\n  ]\n}", "annotations": null, "meta": null}], "structuredContent": {"api_version": 8, "bridge": "HermesBridge", "current_frame": 0, "current_layer": 0, "frame_count": 1, "layer_count": 1, "pixelorama_version": "v1.1.10-stable", "project_name": "reference3-oak-parts", "size": [416, 208]}, "isError": false}}
Processing request of type CallToolRequest
{"tool": "pixelorama_set_pixels", "result": {"meta": null, "content": [{"type": "text", "text": "{\n  \"frame\": 0,\n  \"layer\": 0,\n  \"pixels_changed\": 4000\n}", "annotations": null, "meta": null}], "structuredContent": {"frame": 0, "layer": 0, "pixels_changed": 4000}, "isError": false}}
Processing request of type CallToolRequest
{"tool": "pixelorama_set_pixels", "result": {"meta": null, "content": [{"type": "text", "text": "{\n  \"frame\": 0,\n  \"layer\": 0,\n  \"pixels_changed\": 4000\n}", "annotations": null, "meta": null}], "structuredContent": {"frame": 0, "layer": 0, "pixels_changed": 4000}, "isError": false}}
Processing request of type CallToolRequest
{"tool": "pixelorama_set_pixels", "result": {"meta": null, "content": [{"type": "text", "text": "{\n  \"frame\": 0,\n  \"layer\": 0,\n  \"pixels_changed\": 4000\n}", "annotations": null, "meta": null}], "structuredContent": {"frame": 0, "layer": 0, "pixels_changed": 4000}, "isError": false}}
Processing request of type CallToolRequest
{"tool": "pixelorama_set_pixels", "result": {"meta": null, "content": [{"type": "text", "text": "{\n  \"frame\": 0,\n  \"layer\": 0,\n  \"pixels_changed\": 4000\n}", "annotations": null, "meta": null}], "structuredContent": {"frame": 0, "layer": 0, "pixels_changed": 4000}, "isError": false}}
Processing request of type CallToolRequest
{"tool": "pixelorama_set_pixels", "result": {"meta": null, "content": [{"type": "text", "text": "{\n  \"frame\": 0,\n  \"layer\": 0,\n  \"pixels_changed\": 4000\n}", "annotations": null, "meta": null}], "structuredContent": {"frame": 0, "layer": 0, "pixels_changed": 4000}, "isError": false}}
Processing request of type CallToolRequest
{"tool": "pixelorama_set_pixels", "result": {"meta": null, "content": [{"type": "text", "text": "{\n  \"frame\": 0,\n  \"layer\": 0,\n  \"pixels_changed\": 484\n}", "annotations": null, "meta": null}], "structuredContent": {"frame": 0, "layer": 0, "pixels_changed": 484}, "isError": false}}
Processing request of type CallToolRequest
{"tool": "pixelorama_save_project", "result": {"meta": null, "content": [{"type": "text", "text": "{\n  \"path\": \"C:\\\\Oathwake\\\\Oathwake-Main\\\\docs\\\\resources\\\\native\\\\reference3-oak-parts.pxo\",\n  \"project\": {\n    \"api_version\": 8,\n    \"bridge\": \"HermesBridge\",\n    \"current_frame\": 0,\n    \"current_layer\": 0,\n    \"frame_count\": 1,\n    \"layer_count\": 1,\n    \"pixelorama_version\": \"v1.1.10-stable\",\n    \"project_name\": \"reference3-oak-parts\",\n    \"size\": [\n      416,\n      208\n    ]\n  }\n}", "annotations": null, "meta": null}], "structuredContent": {"path": "C:\\Oathwake\\Oathwake-Main\\docs\\resources\\native\\reference3-oak-parts.pxo", "project": {"api_version": 8, "bridge": "HermesBridge", "current_frame": 0, "current_layer": 0, "frame_count": 1, "layer_count": 1, "pixelorama_version": "v1.1.10-stable", "project_name": "reference3-oak-parts", "size": [416, 208]}}, "isError": false}}
Processing request of type CallToolRequest
{"tool": "pixelorama_open_project", "result": {"meta": null, "content": [{"type": "text", "text": "{\n  \"api_version\": 8,\n  \"bridge\": \"HermesBridge\",\n  \"current_frame\": 0,\n  \"current_layer\": 0,\n  \"frame_count\": 1,\n  \"layer_count\": 1,\n  \"pixelorama_version\": \"v1.1.10-stable\",\n  \"project_name\": \"reference3-oak-parts\",\n  \"size\": [\n    416,\n    208\n  ]\n}", "annotations": null, "meta": null}], "structuredContent": {"api_version": 8, "bridge": "HermesBridge", "current_frame": 0, "current_layer": 0, "frame_count": 1, "layer_count": 1, "pixelorama_version": "v1.1.10-stable", "project_name": "reference3-oak-parts", "size": [416, 208]}, "isError": false}}
Processing request of type CallToolRequest
{"tool": "pixelorama_export_spritesheet", "result": {"meta": null, "content": [{"type": "text", "text": "{\n  \"path\": \"C:\\\\Oathwake\\\\Oathwake-Main\\\\docs\\\\resources\\\\native\\\\reference3-oak-parts.png\",\n  \"size\": [\n    416,\n    208\n  ],\n  \"frame_count\": 1,\n  \"columns\": 1\n}", "annotations": null, "meta": null}], "structuredContent": {"path": "C:\\Oathwake\\Oathwake-Main\\docs\\resources\\native\\reference3-oak-parts.png", "size": [416, 208], "frame_count": 1, "columns": 1}, "isError": false}}
