Processing request of type CallToolRequest
Processing request of type ListToolsRequest
{"tool": "pixelorama_status", "result": {"meta": null, "content": [{"type": "text", "text": "{\n  \"api_version\": 8,\n  \"pixelorama_version\": \"v1.1.10-stable\",\n  \"ready\": true,\n  \"unix_time\": 1788870494.128,\n  \"heartbeat_age_seconds\": 0.85\n}", "annotations": null, "meta": null}], "structuredContent": {"api_version": 8, "pixelorama_version": "v1.1.10-stable", "ready": true, "unix_time": 1788870494.128, "heartbeat_age_seconds": 0.85}, "isError": false}}
Processing request of type CallToolRequest
{"tool": "pixelorama_project_info", "result": {"meta": null, "content": [{"type": "text", "text": "{\n  \"api_version\": 8,\n  \"bridge\": \"HermesBridge\",\n  \"current_frame\": 0,\n  \"current_layer\": 0,\n  \"frame_count\": 1,\n  \"layer_count\": 1,\n  \"pixelorama_version\": \"v1.1.10-stable\",\n  \"project_name\": \"tall_grass\",\n  \"size\": [\n    64,\n    304\n  ]\n}", "annotations": null, "meta": null}], "structuredContent": {"api_version": 8, "bridge": "HermesBridge", "current_frame": 0, "current_layer": 0, "frame_count": 1, "layer_count": 1, "pixelorama_version": "v1.1.10-stable", "project_name": "tall_grass", "size": [64, 304]}, "isError": false}}
Processing request of type CallToolRequest
{"tool": "pixelorama_create_project", "result": {"meta": null, "content": [{"type": "text", "text": "{\n  \"api_version\": 8,\n  \"bridge\": \"HermesBridge\",\n  \"current_frame\": 0,\n  \"current_layer\": 0,\n  \"frame_count\": 1,\n  \"layer_count\": 1,\n  \"pixelorama_version\": \"v1.1.10-stable\",\n  \"project_name\": \"oathwake_road\",\n  \"size\": [\n    256,\n    2048\n  ]\n}", "annotations": null, "meta": null}], "structuredContent": {"api_version": 8, "bridge": "HermesBridge", "current_frame": 0, "current_layer": 0, "frame_count": 1, "layer_count": 1, "pixelorama_version": "v1.1.10-stable", "project_name": "oathwake_road", "size": [256, 2048]}, "isError": false}}
Processing request of type CallToolRequest
{"tool": "pixelorama_set_pixels", "result": {"meta": null, "content": [{"type": "text", "text": "{\n  \"frame\": 0,\n  \"layer\": 0,\n  \"pixels_changed\": 4000\n}", "annotations": null, "meta": null}], "structuredContent": {"frame": 0, "layer": 0, "pixels_changed": 4000}, "isError": false}}
Processing request of type CallToolRequest
{"tool": "pixelorama_set_pixels", "result": {"meta": null, "content": [{"type": "text", "text": "{\n  \"frame\": 0,\n  \"layer\": 0,\n  \"pixels_changed\": 4000\n}", "annotations": null, "meta": null}], "structuredContent": {"frame": 0, "layer": 0, "pixels_changed": 4000}, "isError": false}}
Processing request of type CallToolRequest
{"tool": "pixelorama_set_pixels", "result": {"meta": null, "content": [{"type": "text", "text": "{\n  \"frame\": 0,\n  \"layer\": 0,\n  \"pixels_changed\": 4000\n}", "annotations": null, "meta": null}], "structuredContent": {"frame": 0, "layer": 0, "pixels_changed": 4000}, "isError": false}}
Processing request of type CallToolRequest
{"tool": "pixelorama_set_pixels", "result": {"meta": null, "content": [{"type": "text", "text": "{\n  \"frame\": 0,\n  \"layer\": 0,\n  \"pixels_changed\": 4000\n}", "annotations": null, "meta": null}], "structuredContent": {"frame": 0, "layer": 0, "pixels_changed": 4000}, "isError": false}}
Processing request of type CallToolRequest
{"tool": "pixelorama_set_pixels", "result": {"meta": null, "content": [{"type": "text", "text": "{\n  \"frame\": 0,\n  \"layer\": 0,\n  \"pixels_changed\": 4000\n}", "annotations": null, "meta": null}], "structuredContent": {"frame": 0, "layer": 0, "pixels_changed": 4000}, "isError": false}}
Processing request of type CallToolRequest
{"tool": "pixelorama_set_pixels", "result": {"meta": null, "content": [{"type": "text", "text": "{\n  \"frame\": 0,\n  \"layer\": 0,\n  \"pixels_changed\": 4000\n}", "annotations": null, "meta": null}], "structuredContent": {"frame": 0, "layer": 0, "pixels_changed": 4000}, "isError": false}}
Processing request of type CallToolRequest
{"tool": "pixelorama_set_pixels", "result": {"meta": null, "content": [{"type": "text", "text": "{\n  \"frame\": 0,\n  \"layer\": 0,\n  \"pixels_changed\": 4000\n}", "annotations": null, "meta": null}], "structuredContent": {"frame": 0, "layer": 0, "pixels_changed": 4000}, "isError": false}}
Processing request of type CallToolRequest
{"tool": "pixelorama_set_pixels", "result": {"meta": null, "content": [{"type": "text", "text": "{\n  \"frame\": 0,\n  \"layer\": 0,\n  \"pixels_changed\": 4000\n}", "annotations": null, "meta": null}], "structuredContent": {"frame": 0, "layer": 0, "pixels_changed": 4000}, "isError": false}}
Processing request of type CallToolRequest
{"tool": "pixelorama_set_pixels", "result": {"meta": null, "content": [{"type": "text", "text": "{\n  \"frame\": 0,\n  \"layer\": 0,\n  \"pixels_changed\": 4000\n}", "annotations": null, "meta": null}], "structuredContent": {"frame": 0, "layer": 0, "pixels_changed": 4000}, "isError": false}}
Processing request of type CallToolRequest
{"tool": "pixelorama_set_pixels", "result": {"meta": null, "content": [{"type": "text", "text": "{\n  \"frame\": 0,\n  \"layer\": 0,\n  \"pixels_changed\": 4000\n}", "annotations": null, "meta": null}], "structuredContent": {"frame": 0, "layer": 0, "pixels_changed": 4000}, "isError": false}}
Processing request of type CallToolRequest
{"tool": "pixelorama_set_pixels", "result": {"meta": null, "content": [{"type": "text", "text": "{\n  \"frame\": 0,\n  \"layer\": 0,\n  \"pixels_changed\": 4000\n}", "annotations": null, "meta": null}], "structuredContent": {"frame": 0, "layer": 0, "pixels_changed": 4000}, "isError": false}}
Processing request of type CallToolRequest
{"tool": "pixelorama_set_pixels", "result": {"meta": null, "content": [{"type": "text", "text": "{\n  \"frame\": 0,\n  \"layer\": 0,\n  \"pixels_changed\": 4000\n}", "annotations": null, "meta": null}], "structuredContent": {"frame": 0, "layer": 0, "pixels_changed": 4000}, "isError": false}}
Processing request of type CallToolRequest
{"tool": "pixelorama_set_pixels", "result": {"meta": null, "content": [{"type": "text", "text": "{\n  \"frame\": 0,\n  \"layer\": 0,\n  \"pixels_changed\": 4000\n}", "annotations": null, "meta": null}], "structuredContent": {"frame": 0, "layer": 0, "pixels_changed": 4000}, "isError": false}}
Processing request of type CallToolRequest
{"tool": "pixelorama_set_pixels", "result": {"meta": null, "content": [{"type": "text", "text": "{\n  \"frame\": 0,\n  \"layer\": 0,\n  \"pixels_changed\": 4000\n}", "annotations": null, "meta": null}], "structuredContent": {"frame": 0, "layer": 0, "pixels_changed": 4000}, "isError": false}}
Processing request of type CallToolRequest
{"tool": "pixelorama_set_pixels", "result": {"meta": null, "content": [{"type": "text", "text": "{\n  \"frame\": 0,\n  \"layer\": 0,\n  \"pixels_changed\": 4000\n}", "annotations": null, "meta": null}], "structuredContent": {"frame": 0, "layer": 0, "pixels_changed": 4000}, "isError": false}}
Processing request of type CallToolRequest
{"tool": "pixelorama_set_pixels", "result": {"meta": null, "content": [{"type": "text", "text": "{\n  \"frame\": 0,\n  \"layer\": 0,\n  \"pixels_changed\": 4000\n}", "annotations": null, "meta": null}], "structuredContent": {"frame": 0, "layer": 0, "pixels_changed": 4000}, "isError": false}}
Processing request of type CallToolRequest
{"tool": "pixelorama_set_pixels", "result": {"meta": null, "content": [{"type": "text", "text": "{\n  \"frame\": 0,\n  \"layer\": 0,\n  \"pixels_changed\": 4000\n}", "annotations": null, "meta": null}], "structuredContent": {"frame": 0, "layer": 0, "pixels_changed": 4000}, "isError": false}}
Processing request of type CallToolRequest
{"tool": "pixelorama_set_pixels", "result": {"meta": null, "content": [{"type": "text", "text": "{\n  \"frame\": 0,\n  \"layer\": 0,\n  \"pixels_changed\": 4000\n}", "annotations": null, "meta": null}], "structuredContent": {"frame": 0, "layer": 0, "pixels_changed": 4000}, "isError": false}}
Processing request of type CallToolRequest
{"tool": "pixelorama_set_pixels", "result": {"meta": null, "content": [{"type": "text", "text": "{\n  \"frame\": 0,\n  \"layer\": 0,\n  \"pixels_changed\": 4000\n}", "annotations": null, "meta": null}], "structuredContent": {"frame": 0, "layer": 0, "pixels_changed": 4000}, "isError": false}}
Processing request of type CallToolRequest
{"tool": "pixelorama_set_pixels", "result": {"meta": null, "content": [{"type": "text", "text": "{\n  \"frame\": 0,\n  \"layer\": 0,\n  \"pixels_changed\": 4000\n}", "annotations": null, "meta": null}], "structuredContent": {"frame": 0, "layer": 0, "pixels_changed": 4000}, "isError": false}}
Processing request of type CallToolRequest
{"tool": "pixelorama_set_pixels", "result": {"meta": null, "content": [{"type": "text", "text": "{\n  \"frame\": 0,\n  \"layer\": 0,\n  \"pixels_changed\": 4000\n}", "annotations": null, "meta": null}], "structuredContent": {"frame": 0, "layer": 0, "pixels_changed": 4000}, "isError": false}}
Processing request of type CallToolRequest
{"tool": "pixelorama_set_pixels", "result": {"meta": null, "content": [{"type": "text", "text": "{\n  \"frame\": 0,\n  \"layer\": 0,\n  \"pixels_changed\": 4000\n}", "annotations": null, "meta": null}], "structuredContent": {"frame": 0, "layer": 0, "pixels_changed": 4000}, "isError": false}}
Processing request of type CallToolRequest
{"tool": "pixelorama_set_pixels", "result": {"meta": null, "content": [{"type": "text", "text": "{\n  \"frame\": 0,\n  \"layer\": 0,\n  \"pixels_changed\": 4000\n}", "annotations": null, "meta": null}], "structuredContent": {"frame": 0, "layer": 0, "pixels_changed": 4000}, "isError": false}}
Processing request of type CallToolRequest
{"tool": "pixelorama_set_pixels", "result": {"meta": null, "content": [{"type": "text", "text": "{\n  \"frame\": 0,\n  \"layer\": 0,\n  \"pixels_changed\": 4000\n}", "annotations": null, "meta": null}], "structuredContent": {"frame": 0, "layer": 0, "pixels_changed": 4000}, "isError": false}}
Processing request of type CallToolRequest
{"tool": "pixelorama_set_pixels", "result": {"meta": null, "content": [{"type": "text", "text": "{\n  \"frame\": 0,\n  \"layer\": 0,\n  \"pixels_changed\": 4000\n}", "annotations": null, "meta": null}], "structuredContent": {"frame": 0, "layer": 0, "pixels_changed": 4000}, "isError": false}}
Processing request of type CallToolRequest
{"tool": "pixelorama_set_pixels", "result": {"meta": null, "content": [{"type": "text", "text": "{\n  \"frame\": 0,\n  \"layer\": 0,\n  \"pixels_changed\": 4000\n}", "annotations": null, "meta": null}], "structuredContent": {"frame": 0, "layer": 0, "pixels_changed": 4000}, "isError": false}}
Processing request of type CallToolRequest
{"tool": "pixelorama_set_pixels", "result": {"meta": null, "content": [{"type": "text", "text": "{\n  \"frame\": 0,\n  \"layer\": 0,\n  \"pixels_changed\": 4000\n}", "annotations": null, "meta": null}], "structuredContent": {"frame": 0, "layer": 0, "pixels_changed": 4000}, "isError": false}}
Processing request of type CallToolRequest
{"tool": "pixelorama_set_pixels", "result": {"meta": null, "content": [{"type": "text", "text": "{\n  \"frame\": 0,\n  \"layer\": 0,\n  \"pixels_changed\": 4000\n}", "annotations": null, "meta": null}], "structuredContent": {"frame": 0, "layer": 0, "pixels_changed": 4000}, "isError": false}}
Processing request of type CallToolRequest
{"tool": "pixelorama_set_pixels", "result": {"meta": null, "content": [{"type": "text", "text": "{\n  \"frame\": 0,\n  \"layer\": 0,\n  \"pixels_changed\": 4000\n}", "annotations": null, "meta": null}], "structuredContent": {"frame": 0, "layer": 0, "pixels_changed": 4000}, "isError": false}}
Processing request of type CallToolRequest
{"tool": "pixelorama_set_pixels", "result": {"meta": null, "content": [{"type": "text", "text": "{\n  \"frame\": 0,\n  \"layer\": 0,\n  \"pixels_changed\": 4000\n}", "annotations": null, "meta": null}], "structuredContent": {"frame": 0, "layer": 0, "pixels_changed": 4000}, "isError": false}}
Processing request of type CallToolRequest
{"tool": "pixelorama_set_pixels", "result": {"meta": null, "content": [{"type": "text", "text": "{\n  \"frame\": 0,\n  \"layer\": 0,\n  \"pixels_changed\": 4000\n}", "annotations": null, "meta": null}], "structuredContent": {"frame": 0, "layer": 0, "pixels_changed": 4000}, "isError": false}}
Processing request of type CallToolRequest
{"tool": "pixelorama_set_pixels", "result": {"meta": null, "content": [{"type": "text", "text": "{\n  \"frame\": 0,\n  \"layer\": 0,\n  \"pixels_changed\": 4000\n}", "annotations": null, "meta": null}], "structuredContent": {"frame": 0, "layer": 0, "pixels_changed": 4000}, "isError": false}}
Processing request of type CallToolRequest
{"tool": "pixelorama_set_pixels", "result": {"meta": null, "content": [{"type": "text", "text": "{\n  \"frame\": 0,\n  \"layer\": 0,\n  \"pixels_changed\": 4000\n}", "annotations": null, "meta": null}], "structuredContent": {"frame": 0, "layer": 0, "pixels_changed": 4000}, "isError": false}}
Processing request of type CallToolRequest
{"tool": "pixelorama_set_pixels", "result": {"meta": null, "content": [{"type": "text", "text": "{\n  \"frame\": 0,\n  \"layer\": 0,\n  \"pixels_changed\": 4000\n}", "annotations": null, "meta": null}], "structuredContent": {"frame": 0, "layer": 0, "pixels_changed": 4000}, "isError": false}}
Processing request of type CallToolRequest
{"tool": "pixelorama_set_pixels", "result": {"meta": null, "content": [{"type": "text", "text": "{\n  \"frame\": 0,\n  \"layer\": 0,\n  \"pixels_changed\": 4000\n}", "annotations": null, "meta": null}], "structuredContent": {"frame": 0, "layer": 0, "pixels_changed": 4000}, "isError": false}}
Processing request of type CallToolRequest
{"tool": "pixelorama_set_pixels", "result": {"meta": null, "content": [{"type": "text", "text": "{\n  \"frame\": 0,\n  \"layer\": 0,\n  \"pixels_changed\": 4000\n}", "annotations": null, "meta": null}], "structuredContent": {"frame": 0, "layer": 0, "pixels_changed": 4000}, "isError": false}}
Processing request of type CallToolRequest
{"tool": "pixelorama_set_pixels", "result": {"meta": null, "content": [{"type": "text", "text": "{\n  \"frame\": 0,\n  \"layer\": 0,\n  \"pixels_changed\": 4000\n}", "annotations": null, "meta": null}], "structuredContent": {"frame": 0, "layer": 0, "pixels_changed": 4000}, "isError": false}}
Processing request of type CallToolRequest
{"tool": "pixelorama_set_pixels", "result": {"meta": null, "content": [{"type": "text", "text": "{\n  \"frame\": 0,\n  \"layer\": 0,\n  \"pixels_changed\": 4000\n}", "annotations": null, "meta": null}], "structuredContent": {"frame": 0, "layer": 0, "pixels_changed": 4000}, "isError": false}}
Processing request of type CallToolRequest
{"tool": "pixelorama_set_pixels", "result": {"meta": null, "content": [{"type": "text", "text": "{\n  \"frame\": 0,\n  \"layer\": 0,\n  \"pixels_changed\": 4000\n}", "annotations": null, "meta": null}], "structuredContent": {"frame": 0, "layer": 0, "pixels_changed": 4000}, "isError": false}}
Processing request of type CallToolRequest
{"tool": "pixelorama_set_pixels", "result": {"meta": null, "content": [{"type": "text", "text": "{\n  \"frame\": 0,\n  \"layer\": 0,\n  \"pixels_changed\": 4000\n}", "annotations": null, "meta": null}], "structuredContent": {"frame": 0, "layer": 0, "pixels_changed": 4000}, "isError": false}}
Processing request of type CallToolRequest
{"tool": "pixelorama_set_pixels", "result": {"meta": null, "content": [{"type": "text", "text": "{\n  \"frame\": 0,\n  \"layer\": 0,\n  \"pixels_changed\": 4000\n}", "annotations": null, "meta": null}], "structuredContent": {"frame": 0, "layer": 0, "pixels_changed": 4000}, "isError": false}}
Processing request of type CallToolRequest
{"tool": "pixelorama_set_pixels", "result": {"meta": null, "content": [{"type": "text", "text": "{\n  \"frame\": 0,\n  \"layer\": 0,\n  \"pixels_changed\": 4000\n}", "annotations": null, "meta": null}], "structuredContent": {"frame": 0, "layer": 0, "pixels_changed": 4000}, "isError": false}}
Processing request of type CallToolRequest
{"tool": "pixelorama_set_pixels", "result": {"meta": null, "content": [{"type": "text", "text": "{\n  \"frame\": 0,\n  \"layer\": 0,\n  \"pixels_changed\": 4000\n}", "annotations": null, "meta": null}], "structuredContent": {"frame": 0, "layer": 0, "pixels_changed": 4000}, "isError": false}}
Processing request of type CallToolRequest
{"tool": "pixelorama_set_pixels", "result": {"meta": null, "content": [{"type": "text", "text": "{\n  \"frame\": 0,\n  \"layer\": 0,\n  \"pixels_changed\": 4000\n}", "annotations": null, "meta": null}], "structuredContent": {"frame": 0, "layer": 0, "pixels_changed": 4000}, "isError": false}}
Processing request of type CallToolRequest
{"tool": "pixelorama_set_pixels", "result": {"meta": null, "content": [{"type": "text", "text": "{\n  \"frame\": 0,\n  \"layer\": 0,\n  \"pixels_changed\": 4000\n}", "annotations": null, "meta": null}], "structuredContent": {"frame": 0, "layer": 0, "pixels_changed": 4000}, "isError": false}}
Processing request of type CallToolRequest
{"tool": "pixelorama_set_pixels", "result": {"meta": null, "content": [{"type": "text", "text": "{\n  \"frame\": 0,\n  \"layer\": 0,\n  \"pixels_changed\": 4000\n}", "annotations": null, "meta": null}], "structuredContent": {"frame": 0, "layer": 0, "pixels_changed": 4000}, "isError": false}}
Processing request of type CallToolRequest
{"tool": "pixelorama_set_pixels", "result": {"meta": null, "content": [{"type": "text", "text": "{\n  \"frame\": 0,\n  \"layer\": 0,\n  \"pixels_changed\": 4000\n}", "annotations": null, "meta": null}], "structuredContent": {"frame": 0, "layer": 0, "pixels_changed": 4000}, "isError": false}}
Processing request of type CallToolRequest
{"tool": "pixelorama_set_pixels", "result": {"meta": null, "content": [{"type": "text", "text": "{\n  \"frame\": 0,\n  \"layer\": 0,\n  \"pixels_changed\": 4000\n}", "annotations": null, "meta": null}], "structuredContent": {"frame": 0, "layer": 0, "pixels_changed": 4000}, "isError": false}}
Processing request of type CallToolRequest
{"tool": "pixelorama_set_pixels", "result": {"meta": null, "content": [{"type": "text", "text": "{\n  \"frame\": 0,\n  \"layer\": 0,\n  \"pixels_changed\": 4000\n}", "annotations": null, "meta": null}], "structuredContent": {"frame": 0, "layer": 0, "pixels_changed": 4000}, "isError": false}}
Processing request of type CallToolRequest
{"tool": "pixelorama_set_pixels", "result": {"meta": null, "content": [{"type": "text", "text": "{\n  \"frame\": 0,\n  \"layer\": 0,\n  \"pixels_changed\": 4000\n}", "annotations": null, "meta": null}], "structuredContent": {"frame": 0, "layer": 0, "pixels_changed": 4000}, "isError": false}}
Processing request of type CallToolRequest
{"tool": "pixelorama_set_pixels", "result": {"meta": null, "content": [{"type": "text", "text": "{\n  \"frame\": 0,\n  \"layer\": 0,\n  \"pixels_changed\": 4000\n}", "annotations": null, "meta": null}], "structuredContent": {"frame": 0, "layer": 0, "pixels_changed": 4000}, "isError": false}}
Processing request of type CallToolRequest
{"tool": "pixelorama_set_pixels", "result": {"meta": null, "content": [{"type": "text", "text": "{\n  \"frame\": 0,\n  \"layer\": 0,\n  \"pixels_changed\": 4000\n}", "annotations": null, "meta": null}], "structuredContent": {"frame": 0, "layer": 0, "pixels_changed": 4000}, "isError": false}}
Processing request of type CallToolRequest
{"tool": "pixelorama_set_pixels", "result": {"meta": null, "content": [{"type": "text", "text": "{\n  \"frame\": 0,\n  \"layer\": 0,\n  \"pixels_changed\": 4000\n}", "annotations": null, "meta": null}], "structuredContent": {"frame": 0, "layer": 0, "pixels_changed": 4000}, "isError": false}}
Processing request of type CallToolRequest
{"tool": "pixelorama_set_pixels", "result": {"meta": null, "content": [{"type": "text", "text": "{\n  \"frame\": 0,\n  \"layer\": 0,\n  \"pixels_changed\": 4000\n}", "annotations": null, "meta": null}], "structuredContent": {"frame": 0, "layer": 0, "pixels_changed": 4000}, "isError": false}}
Processing request of type CallToolRequest
{"tool": "pixelorama_set_pixels", "result": {"meta": null, "content": [{"type": "text", "text": "{\n  \"frame\": 0,\n  \"layer\": 0,\n  \"pixels_changed\": 4000\n}", "annotations": null, "meta": null}], "structuredContent": {"frame": 0, "layer": 0, "pixels_changed": 4000}, "isError": false}}
Processing request of type CallToolRequest
{"tool": "pixelorama_set_pixels", "result": {"meta": null, "content": [{"type": "text", "text": "{\n  \"frame\": 0,\n  \"layer\": 0,\n  \"pixels_changed\": 4000\n}", "annotations": null, "meta": null}], "structuredContent": {"frame": 0, "layer": 0, "pixels_changed": 4000}, "isError": false}}
Processing request of type CallToolRequest
{"tool": "pixelorama_set_pixels", "result": {"meta": null, "content": [{"type": "text", "text": "{\n  \"frame\": 0,\n  \"layer\": 0,\n  \"pixels_changed\": 4000\n}", "annotations": null, "meta": null}], "structuredContent": {"frame": 0, "layer": 0, "pixels_changed": 4000}, "isError": false}}
Processing request of type CallToolRequest
{"tool": "pixelorama_set_pixels", "result": {"meta": null, "content": [{"type": "text", "text": "{\n  \"frame\": 0,\n  \"layer\": 0,\n  \"pixels_changed\": 4000\n}", "annotations": null, "meta": null}], "structuredContent": {"frame": 0, "layer": 0, "pixels_changed": 4000}, "isError": false}}
Processing request of type CallToolRequest
{"tool": "pixelorama_set_pixels", "result": {"meta": null, "content": [{"type": "text", "text": "{\n  \"frame\": 0,\n  \"layer\": 0,\n  \"pixels_changed\": 4000\n}", "annotations": null, "meta": null}], "structuredContent": {"frame": 0, "layer": 0, "pixels_changed": 4000}, "isError": false}}
Processing request of type CallToolRequest
{"tool": "pixelorama_set_pixels", "result": {"meta": null, "content": [{"type": "text", "text": "{\n  \"frame\": 0,\n  \"layer\": 0,\n  \"pixels_changed\": 4000\n}", "annotations": null, "meta": null}], "structuredContent": {"frame": 0, "layer": 0, "pixels_changed": 4000}, "isError": false}}
Processing request of type CallToolRequest
{"tool": "pixelorama_set_pixels", "result": {"meta": null, "content": [{"type": "text", "text": "{\n  \"frame\": 0,\n  \"layer\": 0,\n  \"pixels_changed\": 4000\n}", "annotations": null, "meta": null}], "structuredContent": {"frame": 0, "layer": 0, "pixels_changed": 4000}, "isError": false}}
Processing request of type CallToolRequest
{"tool": "pixelorama_set_pixels", "result": {"meta": null, "content": [{"type": "text", "text": "{\n  \"frame\": 0,\n  \"layer\": 0,\n  \"pixels_changed\": 4000\n}", "annotations": null, "meta": null}], "structuredContent": {"frame": 0, "layer": 0, "pixels_changed": 4000}, "isError": false}}
Processing request of type CallToolRequest
{"tool": "pixelorama_set_pixels", "result": {"meta": null, "content": [{"type": "text", "text": "{\n  \"frame\": 0,\n  \"layer\": 0,\n  \"pixels_changed\": 4000\n}", "annotations": null, "meta": null}], "structuredContent": {"frame": 0, "layer": 0, "pixels_changed": 4000}, "isError": false}}
Processing request of type CallToolRequest
{"tool": "pixelorama_set_pixels", "result": {"meta": null, "content": [{"type": "text", "text": "{\n  \"frame\": 0,\n  \"layer\": 0,\n  \"pixels_changed\": 4000\n}", "annotations": null, "meta": null}], "structuredContent": {"frame": 0, "layer": 0, "pixels_changed": 4000}, "isError": false}}
Processing request of type CallToolRequest
{"tool": "pixelorama_set_pixels", "result": {"meta": null, "content": [{"type": "text", "text": "{\n  \"frame\": 0,\n  \"layer\": 0,\n  \"pixels_changed\": 4000\n}", "annotations": null, "meta": null}], "structuredContent": {"frame": 0, "layer": 0, "pixels_changed": 4000}, "isError": false}}
Processing request of type CallToolRequest
{"tool": "pixelorama_set_pixels", "result": {"meta": null, "content": [{"type": "text", "text": "{\n  \"frame\": 0,\n  \"layer\": 0,\n  \"pixels_changed\": 1216\n}", "annotations": null, "meta": null}], "structuredContent": {"frame": 0, "layer": 0, "pixels_changed": 1216}, "isError": false}}
Processing request of type CallToolRequest
{"tool": "pixelorama_save_project", "result": {"meta": null, "content": [{"type": "text", "text": "{\n  \"path\": \"C:\\\\Oathwake\\\\Oathwake-Main\\\\docs\\\\terrain\\\\reference-edge-revision\\\\oathwake_road.pxo\",\n  \"project\": {\n    \"api_version\": 8,\n    \"bridge\": \"HermesBridge\",\n    \"current_frame\": 0,\n    \"current_layer\": 0,\n    \"frame_count\": 1,\n    \"layer_count\": 1,\n    \"pixelorama_version\": \"v1.1.10-stable\",\n    \"project_name\": \"oathwake_road\",\n    \"size\": [\n      256,\n      2048\n    ]\n  }\n}", "annotations": null, "meta": null}], "structuredContent": {"path": "C:\\Oathwake\\Oathwake-Main\\docs\\terrain\\reference-edge-revision\\oathwake_road.pxo", "project": {"api_version": 8, "bridge": "HermesBridge", "current_frame": 0, "current_layer": 0, "frame_count": 1, "layer_count": 1, "pixelorama_version": "v1.1.10-stable", "project_name": "oathwake_road", "size": [256, 2048]}}, "isError": false}}
Processing request of type CallToolRequest
{"tool": "pixelorama_open_project", "result": {"meta": null, "content": [{"type": "text", "text": "{\n  \"api_version\": 8,\n  \"bridge\": \"HermesBridge\",\n  \"current_frame\": 0,\n  \"current_layer\": 0,\n  \"frame_count\": 1,\n  \"layer_count\": 1,\n  \"pixelorama_version\": \"v1.1.10-stable\",\n  \"project_name\": \"oathwake_road\",\n  \"size\": [\n    256,\n    2048\n  ]\n}", "annotations": null, "meta": null}], "structuredContent": {"api_version": 8, "bridge": "HermesBridge", "current_frame": 0, "current_layer": 0, "frame_count": 1, "layer_count": 1, "pixelorama_version": "v1.1.10-stable", "project_name": "oathwake_road", "size": [256, 2048]}, "isError": false}}
Processing request of type CallToolRequest
{"tool": "pixelorama_export_spritesheet", "result": {"meta": null, "content": [{"type": "text", "text": "{\n  \"path\": \"C:\\\\Oathwake\\\\Oathwake-Main\\\\docs\\\\terrain\\\\reference-edge-revision\\\\oathwake_road.png\",\n  \"size\": [\n    256,\n    2048\n  ],\n  \"frame_count\": 1,\n  \"columns\": 1\n}", "annotations": null, "meta": null}], "structuredContent": {"path": "C:\\Oathwake\\Oathwake-Main\\docs\\terrain\\reference-edge-revision\\oathwake_road.png", "size": [256, 2048], "frame_count": 1, "columns": 1}, "isError": false}}
