Godot Engine v4.6.3.stable.official.7d41c59c4 - https://godotengine.org

ContentDB loaded successfully
ALABASTER_SOURCE_JSON_OK animations=419 source=res://data/labs/alabaster/characters/juno-figure.json
ALABASTER_ANIMATION_BANK_OK source=SOURCE_JSON animations=419
ALABASTER_CUSTOM_BANK_OK animations=44
ALABASTER_LOOP_BOUNDARY_REPAIRED animation=walk frameCnt=30 loopStart=6 tracks=28
ALABASTER_LOOP_BOUNDARY_REPAIRED animation=run frameCnt=17 loopStart=3 tracks=28
ALABASTER_LOOP_BOUNDARY_REPAIRED animation=guard frameCnt=38 loopStart=14 tracks=28
ALABASTER_LOOP_BOUNDARY_REPAIRED animation=walk frameCnt=30 loopStart=6 tracks=28
ALABASTER_LOOP_BOUNDARY_REPAIRED animation=run frameCnt=17 loopStart=3 tracks=28
ALABASTER_LOOP_BOUNDARY_REPAIRED animation=guard frameCnt=38 loopStart=14 tracks=28
ALABASTER_SOURCE_JSON_OK animations=419 source=res://data/labs/alabaster/characters/juno-figure.json
ALABASTER_ANIMATION_BANK_OK source=SOURCE_JSON animations=419
ALABASTER_CUSTOM_BANK_OK animations=44
ALABASTER_LOOP_BOUNDARY_REPAIRED animation=walk frameCnt=30 loopStart=6 tracks=28
ALABASTER_LOOP_BOUNDARY_REPAIRED animation=run frameCnt=17 loopStart=3 tracks=28
ALABASTER_LOOP_BOUNDARY_REPAIRED animation=guard frameCnt=38 loopStart=14 tracks=28
ALABASTER_LOOP_BOUNDARY_REPAIRED animation=walk frameCnt=30 loopStart=6 tracks=28
ALABASTER_LOOP_BOUNDARY_REPAIRED animation=run frameCnt=17 loopStart=3 tracks=28
ALABASTER_LOOP_BOUNDARY_REPAIRED animation=guard frameCnt=38 loopStart=14 tracks=28
MOONCLOAK_VALIDATION poses=1024 regions=22464 failures=0 missing=0
