Godot Engine v4.6.3.stable.official.7d41c59c4 - https://godotengine.org

[   0% ] [90m[1mfirst_scan_filesystem[22m | Started Inicialização do Projeto (5 steps)[39m[0m
[   0% ] [90m[1mfirst_scan_filesystem[22m | Escaneando estrutura de arquivos...[39m[0m
[  16% ] [90m[1mfirst_scan_filesystem[22m | Carregando nomes de classe globais...[39m[0m
[  33% ] [90m[1mfirst_scan_filesystem[22m | Verificando GDExtensions...[39m[0m
[  50% ] [90m[1mfirst_scan_filesystem[22m | Criando scripts autoload...[39m[0m
[  66% ] [90m[1mfirst_scan_filesystem[22m | Inicializando plugins...[39m[0m
[  83% ] [90m[1mfirst_scan_filesystem[22m | Iniciando escaneamento de arquivos...[39m[0m
[92m[ DONE ][39m [1mfirst_scan_filesystem[22m
[0m
[   0% ] [90m[1mupdate_scripts_classes[22m | Started Registrando classes globais... (2 steps)[39m[0m
[   0% ] [90m[1mupdate_scripts_classes[22m | [39m[0m
[  33% ] [90m[1mupdate_scripts_classes[22m | [39m[0m
[92m[ DONE ][39m [1mupdate_scripts_classes[22m
[0m
[   0% ] [90m[1m_update_scan_actions[22m | Started Escaneando ações... (35 steps)[39m[0m
[   0% ] [90m[1m_update_scan_actions[22m | adventurer.fnt[39m[0m
[   2% ] [90m[1m_update_scan_actions[22m | arial.fnt[39m[0m
[   5% ] [90m[1m_update_scan_actions[22m | arialpixel.fnt[39m[0m
[   8% ] [90m[1m_update_scan_actions[22m | calibri.fnt[39m[0m
[  11% ] [90m[1m_update_scan_actions[22m | courier.fnt[39m[0m
[  13% ] [90m[1m_update_scan_actions[22m | tree_crowns.png[39m[0m
[  16% ] [90m[1m_update_scan_actions[22m | tree_trunks.png[39m[0m
[  19% ] [90m[1m_update_scan_actions[22m | desert_purplebush.png[39m[0m
[  22% ] [90m[1m_update_scan_actions[22m | flora_bellflowers.png[39m[0m
[  25% ] [90m[1m_update_scan_actions[22m | flora_big_bushes1.png[39m[0m
[  27% ] [90m[1m_update_scan_actions[22m | flora_ground_plants.png[39m[0m
[  30% ] [90m[1m_update_scan_actions[22m | flora_lilies.png[39m[0m
[  33% ] [90m[1m_update_scan_actions[22m | flora_mushrooms.png[39m[0m
[  36% ] [90m[1m_update_scan_actions[22m | flora_small_bush1.png[39m[0m
[  38% ] [90m[1m_update_scan_actions[22m | flora_wheat_animated.png[39m[0m
[  41% ] [90m[1m_update_scan_actions[22m | poi_mossy_boulder_large.png[39m[0m
[  44% ] [90m[1m_update_scan_actions[22m | resources_copper_ore.png[39m[0m
[  47% ] [90m[1m_update_scan_actions[22m | terrain_round_rocks_big.png[39m[0m
[  50% ] [90m[1m_update_scan_actions[22m | terrain_round_rocks_small.png[39m[0m
[  52% ] [90m[1m_update_scan_actions[22m | tree_crowns.png[39m[0m
[  55% ] [90m[1m_update_scan_actions[22m | tree_trunks.png[39m[0m
[  58% ] [90m[1m_update_scan_actions[22m | all-trees-assembled.png[39m[0m
[  61% ] [90m[1m_update_scan_actions[22m | flora-final.png[39m[0m
[  63% ] [90m[1m_update_scan_actions[22m | flora-in-engine-native.png[39m[0m
[  66% ] [90m[1m_update_scan_actions[22m | flora-in-engine.png[39m[0m
[  69% ] [90m[1m_update_scan_actions[22m | resources-native.png[39m[0m
[  72% ] [90m[1m_update_scan_actions[22m | resources.png[39m[0m
[  75% ] [90m[1m_update_scan_actions[22m | tree-falling-native.png[39m[0m
[  77% ] [90m[1m_update_scan_actions[22m | tree-falling.png[39m[0m
[  80% ] [90m[1m_update_scan_actions[22m | tree-pairs-alive-native.png[39m[0m
[  83% ] [90m[1m_update_scan_actions[22m | tree-pairs-alive.png[39m[0m
[  86% ] [90m[1m_update_scan_actions[22m | tree-regrown-native.png[39m[0m
[  88% ] [90m[1m_update_scan_actions[22m | tree-stumps-native.png[39m[0m
[  91% ] [90m[1m_update_scan_actions[22m | tree-stumps.png[39m[0m
[  94% ] [90m[1m_update_scan_actions[22m | trees-assembled-native.png[39m[0m
[92m[ DONE ][39m [1m_update_scan_actions[22m
[0m
[   0% ] [90m[1mreimport[22m | Started (Re)Importando Recursos (14 steps)[39m[0m
[   0% ] [90m[1mreimport[22m | Preparando arquivos para reimportação...[39m[0m
[   6% ] [90m[1mreimport[22m | Preparando arquivos para reimportação...[39m[0m
[  13% ] [90m[1mreimport[22m | Preparando arquivos para reimportação...[39m[0m
[  20% ] [90m[1mreimport[22m | Preparando arquivos para reimportação...[39m[0m
[  26% ] [90m[1mreimport[22m | Preparando arquivos para reimportação...[39m[0m
[  33% ] [90m[1mreimport[22m | Preparando arquivos para reimportação...[39m[0m
[  40% ] [90m[1mreimport[22m | Preparando arquivos para reimportação...[39m[0m
[  46% ] [90m[1mreimport[22m | Preparando arquivos para reimportação...[39m[0m
[  53% ] [90m[1mreimport[22m | Preparando arquivos para reimportação...[39m[0m
[  60% ] [90m[1mreimport[22m | Preparando arquivos para reimportação...[39m[0m
[  66% ] [90m[1mreimport[22m | Preparando arquivos para reimportação...[39m[0m
[  73% ] [90m[1mreimport[22m | Preparando arquivos para reimportação...[39m[0m
[  80% ] [90m[1mreimport[22m | Preparando arquivos para reimportação...[39m[0m
[  86% ] [90m[1mreimport[22m | Preparando arquivos para reimportação...[39m[0m
[   0% ] [90m[1mreimport[22m | Executando operações pré-reimportação...[39m[0m
[   0% ] [90m[1mreimport[22m | tree_crowns.png[39m[0m
[   6% ] [90m[1mreimport[22m | tree_crowns.png[39m[0m
[  13% ] [90m[1mreimport[22m | all-trees-assembled.png[39m[0m
[  20% ] [90m[1mreimport[22m | flora-final.png[39m[0m
[  26% ] [90m[1mreimport[22m | flora-in-engine.png[39m[0m
[  33% ] [90m[1mreimport[22m | resources.png[39m[0m
[  40% ] [90m[1mreimport[22m | tree-falling-native.png[39m[0m
[  46% ] [90m[1mreimport[22m | tree-falling.png[39m[0m
[  53% ] [90m[1mreimport[22m | tree-pairs-alive-native.png[39m[0m
[  60% ] [90m[1mreimport[22m | tree-pairs-alive.png[39m[0m
[  66% ] [90m[1mreimport[22m | tree-regrown-native.png[39m[0m
[  73% ] [90m[1mreimport[22m | tree-stumps-native.png[39m[0m
[  80% ] [90m[1mreimport[22m | tree-stumps.png[39m[0m
[  86% ] [90m[1mreimport[22m | trees-assembled-native.png[39m[0m
[  93% ] [90m[1mreimport[22m | Finalizando Importação de Recursos...[39m[0m
[92m[ DONE ][39m [1mreimport[22m
[0m
[   0% ] [90m[1mreimport[22m | Started (Re)Importando Recursos (14 steps)[39m[0m
[   0% ] [90m[1mreimport[22m | Executando operações pós-reimportação...[39m[0m
[92m[ DONE ][39m [1mreimport[22m
[0m
[   0% ] [90m[1mloading_editor_layout[22m | Started Carregando editor (5 steps)[39m[0m
[   0% ] [90m[1mloading_editor_layout[22m | Carregando layout do editor...[39m[0m
[  16% ] [90m[1mloading_editor_layout[22m | Carregando abas...[39m[0m
[  33% ] [90m[1mloading_editor_layout[22m | Reabrindo cenas...[39m[0m
[  50% ] [90m[1mloading_editor_layout[22m | Carregando layout do editor central...[39m[0m
[  66% ] [90m[1mloading_editor_layout[22m | Carregando layout da janela de plugins...[39m[0m
[  83% ] [90m[1mloading_editor_layout[22m | Layout do editor pronto.[39m[0m
[92m[ DONE ][39m [1mloading_editor_layout[22m
[0m
